Component: Arm Compiler for Embedded 6.22 Tool: armlink [5ee90200]

==============================================================================

Section Cross References

    nokia5110.o(.text.Nokia5110_Init) refers to nokia5110.o(.text.lcdwrite) for lcdwrite
    nokia5110.o(.ARM.exidx.text.Nokia5110_Init) refers to nokia5110.o(.text.Nokia5110_Init) for [Anonymous Symbol]
    nokia5110.o(.ARM.exidx.text.lcdwrite) refers to nokia5110.o(.text.lcdwrite) for [Anonymous Symbol]
    nokia5110.o(.text.Nokia5110_OutChar) refers to nokia5110.o(.text.lcddatawrite) for lcddatawrite
    nokia5110.o(.text.Nokia5110_OutChar) refers to nokia5110.o(.rodata.ASCII) for ASCII
    nokia5110.o(.ARM.exidx.text.Nokia5110_OutChar) refers to nokia5110.o(.text.Nokia5110_OutChar) for [Anonymous Symbol]
    nokia5110.o(.ARM.exidx.text.lcddatawrite) refers to nokia5110.o(.text.lcddatawrite) for [Anonymous Symbol]
    nokia5110.o(.text.Nokia5110_OutString) refers to nokia5110.o(.text.Nokia5110_OutChar) for Nokia5110_OutChar
    nokia5110.o(.ARM.exidx.text.Nokia5110_OutString) refers to nokia5110.o(.text.Nokia5110_OutString) for [Anonymous Symbol]
    nokia5110.o(.text.Nokia5110_OutUDec) refers to nokia5110.o(.rodata.str1.1) for .L.str
    nokia5110.o(.text.Nokia5110_OutUDec) refers to nokia5110.o(.text.Nokia5110_OutString) for Nokia5110_OutString
    nokia5110.o(.text.Nokia5110_OutUDec) refers to nokia5110.o(.text.Nokia5110_OutChar) for Nokia5110_OutChar
    nokia5110.o(.ARM.exidx.text.Nokia5110_OutUDec) refers to nokia5110.o(.text.Nokia5110_OutUDec) for [Anonymous Symbol]
    nokia5110.o(.text.Nokia5110_SetCursor) refers to nokia5110.o(.text.lcdwrite) for lcdwrite
    nokia5110.o(.ARM.exidx.text.Nokia5110_SetCursor) refers to nokia5110.o(.text.Nokia5110_SetCursor) for [Anonymous Symbol]
    nokia5110.o(.text.Nokia5110_Clear) refers to nokia5110.o(.text.lcddatawrite) for lcddatawrite
    nokia5110.o(.text.Nokia5110_Clear) refers to nokia5110.o(.text.Nokia5110_SetCursor) for Nokia5110_SetCursor
    nokia5110.o(.ARM.exidx.text.Nokia5110_Clear) refers to nokia5110.o(.text.Nokia5110_Clear) for [Anonymous Symbol]
    nokia5110.o(.text.Nokia5110_DrawFullImage) refers to nokia5110.o(.text.Nokia5110_SetCursor) for Nokia5110_SetCursor
    nokia5110.o(.text.Nokia5110_DrawFullImage) refers to nokia5110.o(.text.lcddatawrite) for lcddatawrite
    nokia5110.o(.ARM.exidx.text.Nokia5110_DrawFullImage) refers to nokia5110.o(.text.Nokia5110_DrawFullImage) for [Anonymous Symbol]
    nokia5110.o(.text.Nokia5110_PrintBMP) refers to nokia5110.o(.bss.Screen) for Screen
    nokia5110.o(.ARM.exidx.text.Nokia5110_PrintBMP) refers to nokia5110.o(.text.Nokia5110_PrintBMP) for [Anonymous Symbol]
    nokia5110.o(.text.Nokia5110_ClearBuffer) refers to nokia5110.o(.bss.Screen) for Screen
    nokia5110.o(.ARM.exidx.text.Nokia5110_ClearBuffer) refers to nokia5110.o(.text.Nokia5110_ClearBuffer) for [Anonymous Symbol]
    nokia5110.o(.text.Nokia5110_DisplayBuffer) refers to nokia5110.o(.bss.Screen) for Screen
    nokia5110.o(.text.Nokia5110_DisplayBuffer) refers to nokia5110.o(.text.Nokia5110_DrawFullImage) for Nokia5110_DrawFullImage
    nokia5110.o(.ARM.exidx.text.Nokia5110_DisplayBuffer) refers to nokia5110.o(.text.Nokia5110_DisplayBuffer) for [Anonymous Symbol]
    nokia5110.o(.text.Nokia5110_ClrPxl) refers to nokia5110.o(.rodata.Masks) for Masks
    nokia5110.o(.text.Nokia5110_ClrPxl) refers to nokia5110.o(.bss.Screen) for Screen
    nokia5110.o(.ARM.exidx.text.Nokia5110_ClrPxl) refers to nokia5110.o(.text.Nokia5110_ClrPxl) for [Anonymous Symbol]
    nokia5110.o(.text.Nokia5110_SetPxl) refers to nokia5110.o(.rodata.Masks) for Masks
    nokia5110.o(.text.Nokia5110_SetPxl) refers to nokia5110.o(.bss.Screen) for Screen
    nokia5110.o(.ARM.exidx.text.Nokia5110_SetPxl) refers to nokia5110.o(.text.Nokia5110_SetPxl) for [Anonymous Symbol]
    main.o(.text.set_step) refers to main.o(.rodata.cst32) for .L__const.set_step.step_table
    main.o(.text.set_step) refers to rt_memcpy_v6.o(.text) for __aeabi_memcpy
    main.o(.ARM.exidx.text.set_step) refers to main.o(.text.set_step) for [Anonymous Symbol]
    main.o(.ARM.exidx.text.Delay) refers to main.o(.text.Delay) for [Anonymous Symbol]
    main.o(.ARM.exidx.text.low_Delay) refers to main.o(.text.low_Delay) for [Anonymous Symbol]
    main.o(.text.move_motor) refers to main.o(.bss.step_dest) for step_dest
    main.o(.text.move_motor) refers to main.o(.bss.step) for step
    main.o(.text.move_motor) refers to main.o(.text.set_step) for set_step
    main.o(.text.move_motor) refers to main.o(.text.low_Delay) for low_Delay
    main.o(.ARM.exidx.text.move_motor) refers to main.o(.text.move_motor) for [Anonymous Symbol]
    main.o(.ARM.exidx.text.send_trigger_pulse) refers to main.o(.text.send_trigger_pulse) for [Anonymous Symbol]
    main.o(.text.dist_sense) refers to main.o(.text.send_trigger_pulse) for send_trigger_pulse
    main.o(.text.dist_sense) refers to dflt_clz.o(x$fpl$dfltu) for __aeabi_ui2d
[...]
    CL$$btod_ediv                            0x00003c7c   Section       42  btod.o(CL$$btod_ediv)
    CL$$btod_emul                            0x00003ca6   Section       42  btod.o(CL$$btod_emul)
    CL$$btod_mult_common                     0x00003cd0   Section      580  btod.o(CL$$btod_mult_common)
    $v0                                      0x00003f14   Number         0  gpiod_handler.o(GPIOD_Handler_Code)
    GPIOD_Handler_Code                       0x00003f14   Section      196  gpiod_handler.o(GPIOD_Handler_Code)
    i.__ARM_fpclassify                       0x00003fd8   Section        0  fpclassify.o(i.__ARM_fpclassify)
    i.__hardfp_cos                           0x00004008   Section        0  cos.o(i.__hardfp_cos)
    i.__hardfp_sin                           0x000040d0   Section        0  sin.o(i.__hardfp_sin)
    i.__ieee754_rem_pio2                     0x00004198   Section        0  rred.o(i.__ieee754_rem_pio2)
    i.__kernel_cos                           0x000045d0   Section        0  cos_i.o(i.__kernel_cos)
    i.__kernel_poly                          0x00004740   Section        0  poly.o(i.__kernel_poly)
    i.__kernel_sin                           0x00004838   Section        0  sin_i.o(i.__kernel_sin)
    i.__mathlib_dbl_infnan                   0x00004968   Section        0  dunder.o(i.__mathlib_dbl_infnan)
    i.__mathlib_dbl_invalid                  0x00004980   Section        0  dunder.o(i.__mathlib_dbl_invalid)
    i.__mathlib_dbl_underflow                0x000049a0   Section        0  dunder.o(i.__mathlib_dbl_underflow)
    i._is_digit                              0x000049c0   Section        0  __printf_wp.o(i._is_digit)
    i.fabs                                   0x000049ce   Section        0  fabs.o(i.fabs)
    locale$$code                             0x000049e8   Section       44  lc_numeric_c.o(locale$$code)
    locale$$code                             0x00004a14   Section       44  lc_ctype_c.o(locale$$code)
    $v0                                      0x00004a40   Number         0  basic.o(x$fpl$basic)
    x$fpl$basic                              0x00004a40   Section       24  basic.o(x$fpl$basic)
    $v0                                      0x00004a58   Number         0  d2f.o(x$fpl$d2f)
    x$fpl$d2f                                0x00004a58   Section       98  d2f.o(x$fpl$d2f)
    $v0                                      0x00004abc   Number         0  daddsub_clz.o(x$fpl$dadd)
    x$fpl$dadd                               0x00004abc   Section      336  daddsub_clz.o(x$fpl$dadd)
    _dadd1                                   0x00004acd   Thumb Code     0  daddsub_clz.o(x$fpl$dadd)
    $v0                                      0x00004c0c   Number         0  ddiv.o(x$fpl$ddiv)
    x$fpl$ddiv                               0x00004c0c   Section      696  ddiv.o(x$fpl$ddiv)
    ddiv_entry                               0x00004c13   Thumb Code     0  ddiv.o(x$fpl$ddiv)
    $v0                                      0x00004ec4   Number         0  dfix.o(x$fpl$dfix)
    x$fpl$dfix                               0x00004ec4   Section       94  dfix.o(x$fpl$dfix)
    $v0                                      0x00004f22   Number         0  dflt_clz.o(x$fpl$dflt)
    x$fpl$dflt                               0x00004f22   Section       46  dflt_clz.o(x$fpl$dflt)
    $v0                                      0x00004f50   Number         0  dflt_clz.o(x$fpl$dfltu)
    x$fpl$dfltu                              0x00004f50   Section       38  dflt_clz.o(x$fpl$dfltu)
    $v0                                      0x00004f78   Number         0  dmul.o(x$fpl$dmul)
    x$fpl$dmul                               0x00004f78   Section      340  dmul.o(x$fpl$dmul)
    $v0                                      0x000050cc   Number         0  dnaninf.o(x$fpl$dnaninf)
    x$fpl$dnaninf                            0x000050cc   Section      156  dnaninf.o(x$fpl$dnaninf)
    $v0                                      0x00005168   Number         0  dretinf.o(x$fpl$dretinf)
    x$fpl$dretinf                            0x00005168   Section       12  dretinf.o(x$fpl$dretinf)
    $v0                                      0x00005174   Number         0  daddsub_clz.o(x$fpl$drsb)
    x$fpl$drsb                               0x00005174   Section       22  daddsub_clz.o(x$fpl$drsb)
    $v0                                      0x0000518c   Number         0  daddsub_clz.o(x$fpl$dsub)
    x$fpl$dsub                               0x0000518c   Section      476  daddsub_clz.o(x$fpl$dsub)
    _dsub1                                   0x0000519d   Thumb Code     0  daddsub_clz.o(x$fpl$dsub)
    $v0                                      0x00005368   Number         0  f2d.o(x$fpl$f2d)
    x$fpl$f2d                                0x00005368   Section       86  f2d.o(x$fpl$f2d)
    $v0                                      0x000053be   Number         0  fnaninf.o(x$fpl$fnaninf)
    x$fpl$fnaninf                            0x000053be   Section      140  fnaninf.o(x$fpl$fnaninf)
    $v0                                      0x0000544a   Number         0  fpinit.o(x$fpl$fpinit)
    x$fpl$fpinit                             0x0000544a   Section       26  fpinit.o(x$fpl$fpinit)
    $v0                                      0x00005464   Number         0  fretinf.o(x$fpl$fretinf)
    x$fpl$fretinf                            0x00005464   Section       10  fretinf.o(x$fpl$fretinf)
    $v0                                      0x0000546e   Number         0  printf1.o(x$fpl$printf1)
    x$fpl$printf1                            0x0000546e   Section        4  printf1.o(x$fpl$printf1)
    $v0                                      0x00005472   Number         0  printf2.o(x$fpl$printf2)
    x$fpl$printf2                            0x00005472   Section        4  printf2.o(x$fpl$printf2)
    x$fpl$usenofp                            0x00005476   Section        0  usenofp.o(x$fpl$usenofp)
    initial_mbstate                          0x00005478   Data           8  _printf_wctomb.o(.constdata)
    .constdata                               0x00005478   Section        8  _printf_wctomb.o(.constdata)
    uc_hextab                                0x00005480   Data          20  _printf_hex_int_ll_ptr.o(.constdata)
    .constdata                               0x00005480   Section       40  _printf_hex_int_ll_ptr.o(.constdata)
    lc_hextab                                0x00005494   Data          20  _printf_hex_int_ll_ptr.o(.constdata)
    maptable                                 0x000054a8   Data          17  __printf_flags_ss_wp.o(.constdata)
    .constdata                               0x000054a8   Section       17  __printf_flags_ss_wp.o(.constdata)
    C                                        0x000054c0   Data          48  cos_i.o(.constdata)
    .constdata                               0x000054c0   Section       48  cos_i.o(.constdata)
    pio2s                                    0x000054f0   Data          48  rred.o(.constdata)
    .constdata                               0x000054f0   Section      204  rred.o(.constdata)
    twooverpi                                0x00005520   Data         156  rred.o(.constdata)
    S                                        0x000055c0   Data          40  sin_i.o(.constdata)
    .constdata                               0x000055c0   Section       40  sin_i.o(.constdata)
    lc_hextab                                0x000055e8   Data          19  _printf_fp_hex.o(.constdata)
    .constdata                               0x000055e8   Section       38  _printf_fp_hex.o(.constdata)
    uc_hextab                                0x000055fb   Data          19  _printf_fp_hex.o(.constdata)
    tenpwrs_x                                0x00005610   Data          60  bigflt0.o(.constdata)
    .constdata                               0x00005610   Section      148  bigflt0.o(.constdata)
    tenpwrs_i                                0x0000564c   Data          64  bigflt0.o(.constdata)
    ASCII                                    0x000056a4   Data         480  nokia5110.o(.rodata.ASCII)
    [Anonymous Symbol]                       0x000056a4   Section        0  nokia5110.o(.rodata.ASCII)
    .L__const.set_step.step_table            0x0000588c   Data          32  main.o(.rodata.cst32)
    [Anonymous Symbol]                       0x000058ac   Section        0  main.o(.rodata.str1.1)
    .L.str.5                                 0x000058d1   Data          33  main.o(.rodata.str1.1)
    .L.str.1                                 0x000058f2   Data          10  main.o(.rodata.str1.1)
    .L.str.6                                 0x000058f5   Data          37  main.o(.rodata.str1.1)
    .L.str.9                                 0x000058fc   Data          11  main.o(.rodata.str1.1)
    .L.str.4                                 0x00005907   Data           7  main.o(.rodata.str1.1)
    .L.str.12                                0x0000590e   Data           6  main.o(.rodata.str1.1)
    .L.str.11                                0x00005914   Data           5  main.o(.rodata.str1.1)
    .L.str.3                                 0x00005919   Data           6  main.o(.rodata.str1.1)
    .L.str                                   0x0000591f   Data          10  main.o(.rodata.str1.1)
    .L.str.7                                 0x00005929   Data          13  main.o(.rodata.str1.1)
    .L.str.10                                0x00005936   Data           7  main.o(.rodata.str1.1)
    .L.str.8                                 0x0000593d   Data           8  main.o(.rodata.str1.1)
    .L.str.2                                 0x00005945   Data           7  main.o(.rodata.str1.1)
    locale$$data                             0x0000596c   Section       28  lc_numeric_c.o(locale$$data)
    __lcnum_c_name                           0x00005970   Data           2  lc_numeric_c.o(locale$$data)
    __lcnum_c_start                          0x00005978   Data           0  lc_numeric_c.o(locale$$data)
    __lcnum_c_point                          0x00005984   Data           0  lc_numeric_c.o(locale$$data)
    __lcnum_c_thousands                      0x00005986   Data           0  lc_numeric_c.o(locale$$data)
    __lcnum_c_grouping                       0x00005987   Data           0  lc_numeric_c.o(locale$$data)
    __lcnum_c_end                            0x00005988   Data           0  lc_numeric_c.o(locale$$data)
    locale$$data                             0x00005988   Section      272  lc_ctype_c.o(locale$$data)
    __lcctype_c_name                         0x0000598c   Data           2  lc_ctype_c.o(locale$$data)
    __lcctype_c_start                        0x00005994   Data           0  lc_ctype_c.o(locale$$data)
    __lcctype_c_end                          0x00005a98   Data           0  lc_ctype_c.o(locale$$data)
    .bss                                     0x20000018   Section       96  libspace.o(.bss)
    main.last_time_update                    0x20000280   Data           4  main.o(.bss.main.last_time_update)
    [Anonymous Symbol]                       0x20000280   Section        0  main.o(.bss.main.last_time_update)
    Heap_Mem                                 0x20000298   Data           0  startup_tm4c123.o(HEAP)
    Stack_Mem                                0x20000298   Data         512  startup_tm4c123.o(STACK)
    HEAP                                     0x20000298   Section        0  startup_tm4c123.o(HEAP)
    STACK                                    0x20000298   Section      512  startup_tm4c123.o(STACK)
    __initial_sp                             0x20000498   Data           0  startup_tm4c123.o(STACK)

    Global Symbols

    Symbol Name                              Value     Ov Type        Size  Object(Section)

    BuildAttributes$$THM_ISAv4$E$P$D$K$B$S$7EM$VFPi3$EXTD16$VFPS$VFMA$PE$A:L22UL41UL21$X:L11$S22US41US21$IEEE1$IW$~IW$USESV6$~STKCKD$USESV7$~SHL$OTIME$ROPI$IEEEX$EBA8$UX$STANDARDLIB$REQ8$EABIv2 0x00000000   Number         0  anon$$obj.o ABSOLUTE
    __Vectors                                0x00000000   Data           4  startup_tm4c123.o(RESET)
    _printf_flags                            0x00000000   Number         0  printf_stubs.o ABSOLUTE
    _printf_return_value                     0x00000000   Number         0  printf_stubs.o ABSOLUTE
    _printf_sizespec                         0x00000000   Number         0  printf_stubs.o ABSOLUTE
    _printf_widthprec                        0x00000000   Number         0  printf_stubs.o ABSOLUTE
    __ARM_exceptions_init                     - Undefined Weak Reference
    __alloca_initialize                       - Undefined Weak Reference
    __arm_preinit_                            - Undefined Weak Reference
    __arm_relocate_pie_                       - Undefined Weak Reference
    __cpp_initialize__aeabi_                  - Undefined Weak Reference
    __cxa_finalize                            - Undefined Weak Reference
    __sigvec_lookup                           - Undefined Weak Reference
    _atexit_init                              - Undefined Weak Reference
    _call_atexit_fns                          - Undefined Weak Reference
    _clock_init                               - Undefined Weak Reference
    _fp_trap_init                             - Undefined Weak Reference
    _fp_trap_shutdown                         - Undefined Weak Reference
    _get_lc_collate                           - Undefined Weak Reference
    _get_lc_monetary                          - Undefined Weak Reference
    _get_lc_time                              - Undefined Weak Reference
    _getenv_init                              - Undefined Weak Reference
    _handle_redirection                       - Undefined Weak Reference
    _init_alloc                               - Undefined Weak Reference
    _init_user_alloc                          - Undefined Weak Reference
    _initio                                   - Undefined Weak Reference
    _printf_mbtowc                            - Undefined Weak Reference
    _printf_wc                                - Undefined Weak Reference
    _rand_init                                - Undefined Weak Reference
    _signal_finish                            - Undefined Weak Reference
    _signal_init                              - Undefined Weak Reference
    _terminate_alloc                          - Undefined Weak Reference
    _terminate_user_alloc                     - Undefined Weak Reference
    _terminateio                              - Undefined Weak Reference
    __Vectors_End                            0x0000026c   Data           0  startup_tm4c123.o(RESET)
    __Vectors_Size                           0x0000026c   Number         0  startup_tm4c123.o ABSOLUTE
    __main                                   0x0000026d   Thumb Code     8  __main.o(!!!main)
    __scatterload                            0x00000275   Thumb Code     0  __scatter.o(!!!scatter)
    __scatterload_rt2                        0x00000275   Thumb Code    84  __scatter.o(!!!scatter)
    __scatterload_rt2_thumb_only             0x00000275   Thumb Code     0  __scatter.o(!!!scatter)
    __scatterload_loop                       0x0000027f   Thumb Code     0  __scatter.o(!!!scatter)
    __scatterload_copy                       0x000002d1   Thumb Code    26  __scatter_copy.o(!!handler_copy)
    __scatterload_null                       0x000002ed   Thumb Code     2  __scatter.o(!!handler_null)
    __scatterload_zeroinit                   0x000002f1   Thumb Code    28  __scatter_zi.o(!!handler_zi)
    _printf_n                                0x0000030d   Thumb Code     0  _printf_n.o(.ARM.Collect$$_printf_percent$$00000001)
    _printf_percent                          0x0000030d   Thumb Code     0  _printf_percent.o(.ARM.Collect$$_printf_percent$$00000000)
    _printf_p                                0x00000313   Thumb Code     0  _printf_p.o(.ARM.Collect$$_printf_percent$$00000002)
    _printf_f                                0x00000319   Thumb Code     0  _printf_f.o(.ARM.Collect$$_printf_percent$$00000003)
    _printf_e                                0x0000031f   Thumb Code     0  _printf_e.o(.ARM.Collect$$_printf_percent$$00000004)
    _printf_g                                0x00000325   Thumb Code     0  _printf_g.o(.ARM.Collect$$_printf_percent$$00000005)
    _printf_a                                0x0000032b   Thumb Code     0  _printf_a.o(.ARM.Collect$$_printf_percent$$00000006)
    _printf_ll                               0x00000331   Thumb Code     0  _printf_ll.o(.ARM.Collect$$_printf_percent$$00000007)
    _printf_i                                0x0000033b   Thumb Code     0  _printf_i.o(.ARM.Collect$$_printf_percent$$00000008)
    _printf_d                                0x00000341   Thumb Code     0  _printf_d.o(.ARM.Collect$$_printf_percent$$00000009)
    _printf_u                                0x00000347   Thumb Code     0  _printf_u.o(.ARM.Collect$$_printf_percent$$0000000A)
    _printf_o                                0x0000034d   Thumb Code     0  _printf_o.o(.ARM.Collect$$_printf_percent$$0000000B)
    _printf_x                                0x00000353   Thumb Code     0  _printf_x.o(.ARM.Collect$$_printf_percent$$0000000C)
    _printf_lli                              0x00000359   Thumb Code     0  _printf_lli.o(.ARM.Collect$$_printf_percent$$0000000D)
    _printf_lld                              0x0000035f   Thumb Code     0  _printf_lld.o(.ARM.Collect$$_printf_percent$$0000000E)
    _printf_llu                              0x00000365   Thumb Code     0  _printf_llu.o(.ARM.Collect$$_printf_percent$$0000000F)
    _printf_llo                              0x0000036b   Thumb Code     0  _printf_llo.o(.ARM.Collect$$_printf_percent$$00000010)
    _printf_llx                              0x00000371   Thumb Code     0  _printf_llx.o(.ARM.Collect$$_printf_percent$$00000011)
    _printf_l                                0x00000377   Thumb Code     0  _printf_l.o(.ARM.Collect$$_printf_percent$$00000012)
    _printf_c                                0x00000381   Thumb Code     0  _printf_c.o(.ARM.Collect$$_printf_percent$$00000013)
    _printf_s                                0x00000387   Thumb Code     0  _printf_s.o(.ARM.Collect$$_printf_percent$$00000014)
    _printf_lc                               0x0000038d   Thumb Code     0  _printf_lc.o(.ARM.Collect$$_printf_percent$$00000015)
    _printf_ls                               0x00000393   Thumb Code     0  _printf_ls.o(.ARM.Collect$$_printf_percent$$00000016)
    _printf_percent_end                      0x00000399   Thumb Code     0  _printf_percent_end.o(.ARM.Collect$$_printf_percent$$00000017)
    __rt_lib_init                            0x0000039d   Thumb Code     0  libinit.o(.ARM.Collect$$libinit$$00000000)
    __rt_lib_init_fp_1                       0x0000039f   Thumb Code     0  libinit2.o(.ARM.Collect$$libinit$$00000001)
    __rt_lib_init_heap_1                     0x000003a3   Thumb Code     0  libinit2.o(.ARM.Collect$$libinit$$0000000C)
    __rt_lib_init_lc_common                  0x000003a3   Thumb Code     0  libinit2.o(.ARM.Collect$$libinit$$00000011)
    __rt_lib_init_preinit_1                  0x000003a3   Thumb Code     0  libinit2.o(.ARM.Collect$$libinit$$00000006)
    __rt_lib_init_rand_1                     0x000003a3   Thumb Code     0  libinit2.o(.ARM.Collect$$libinit$$00000010)
    __rt_lib_init_relocate_pie_1             0x000003a3   Thumb Code     0  libinit2.o(.ARM.Collect$$libinit$$00000004)
    __rt_lib_init_user_alloc_1               0x000003a3   Thumb Code     0  libinit2.o(.ARM.Collect$$libinit$$0000000E)
    __rt_lib_init_lc_collate_1               0x000003a9   Thumb Code     0  libinit2.o(.ARM.Collect$$libinit$$00000013)
    __rt_lib_init_lc_ctype_2                 0x000003a9   Thumb Code     0  libinit2.o(.ARM.Collect$$libinit$$00000014)
    __rt_lib_init_lc_ctype_1                 0x000003b5   Thumb Code     0  libinit2.o(.ARM.Collect$$libinit$$00000015)
    __rt_lib_init_lc_monetary_1              0x000003b5   Thumb Code     0  libinit2.o(.ARM.Collect$$libinit$$00000017)
    __rt_lib_init_lc_numeric_2               0x000003b5   Thumb Code     0  libinit2.o(.ARM.Collect$$libinit$$00000018)
    __rt_lib_init_alloca_1                   0x000003bf   Thumb Code     0  libinit2.o(.ARM.Collect$$libinit$$00000030)
    __rt_lib_init_argv_1                     0x000003bf   Thumb Code     0  libinit2.o(.ARM.Collect$$libinit$$0000002E)
    __rt_lib_init_atexit_1                   0x000003bf   Thumb Code     0  libinit2.o(.ARM.Collect$$libinit$$0000001D)
    __rt_lib_init_clock_1                    0x000003bf   Thumb Code     0  libinit2.o(.ARM.Collect$$libinit$$00000023)
    __rt_lib_init_cpp_1                      0x000003bf   Thumb Code     0  libinit2.o(.ARM.Collect$$libinit$$00000034)
    __rt_lib_init_exceptions_1               0x000003bf   Thumb Code     0  libinit2.o(.ARM.Collect$$libinit$$00000032)
    __rt_lib_init_fp_trap_1                  0x000003bf   Thumb Code     0  libinit2.o(.ARM.Collect$$libinit$$00000021)
    __rt_lib_init_getenv_1                   0x000003bf   Thumb Code     0  libinit2.o(.ARM.Collect$$libinit$$00000025)
    __rt_lib_init_lc_numeric_1               0x000003bf   Thumb Code     0  libinit2.o(.ARM.Collect$$libinit$$00000019)
    __rt_lib_init_lc_time_1                  0x000003bf   Thumb Code     0  libinit2.o(.ARM.Collect$$libinit$$0000001B)
    __rt_lib_init_return                     0x000003bf   Thumb Code     0  libinit2.o(.ARM.Collect$$libinit$$00000035)
    __rt_lib_init_signal_1                   0x000003bf   Thumb Code     0  libinit2.o(.ARM.Collect$$libinit$$0000001F)
    __rt_lib_init_stdio_1                    0x000003bf   Thumb Code     0  libinit2.o(.ARM.Collect$$libinit$$00000027)
    __rt_lib_shutdown                        0x000003c1   Thumb Code     0  libshutdown.o(.ARM.Collect$$libshutdown$$00000000)
    __rt_lib_shutdown_cpp_1                  0x000003c3   Thumb Code     0  libshutdown2.o(.ARM.Collect$$libshutdown$$00000002)
    __rt_lib_shutdown_fp_trap_1              0x000003c3   Thumb Code     0  libshutdown2.o(.ARM.Collect$$libshutdown$$00000007)
    __rt_lib_shutdown_heap_1                 0x000003c3   Thumb Code     0  libshutdown2.o(.ARM.Collect$$libshutdown$$0000000F)
    __rt_lib_shutdown_return                 0x000003c3   Thumb Code     0  libshutdown2.o(.ARM.Collect$$libshutdown$$00000010)
    __rt_lib_shutdown_signal_1               0x000003c3   Thumb Code     0  libshutdown2.o(.ARM.Collect$$libshutdown$$0000000A)
    __rt_lib_shutdown_stdio_1                0x000003c3   Thumb Code     0  libshutdown2.o(.ARM.Collect$$libshutdown$$00000004)
    __rt_lib_shutdown_user_alloc_1           0x000003c3   Thumb Code     0  libshutdown2.o(.ARM.Collect$$libshutdown$$0000000C)
    __rt_entry                               0x000003c5   Thumb Code     0  __rtentry.o(.ARM.Collect$$rtentry$$00000000)
    __rt_entry_presh_1                       0x000003c5   Thumb Code     0  __rtentry2.o(.ARM.Collect$$rtentry$$00000002)
    __rt_entry_sh                            0x000003c5   Thumb Code     0  __rtentry4.o(.ARM.Collect$$rtentry$$00000004)
    __rt_entry_li                            0x000003cb   Thumb Code     0  __rtentry2.o(.ARM.Collect$$rtentry$$0000000A)
    __rt_entry_postsh_1                      0x000003cb   Thumb Code     0  __rtentry2.o(.ARM.Collect$$rtentry$$00000009)
    __rt_entry_main                          0x000003cf   Thumb Code     0  __rtentry2.o(.ARM.Collect$$rtentry$$0000000D)
    __rt_entry_postli_1                      0x000003cf   Thumb Code     0  __rtentry2.o(.ARM.Collect$$rtentry$$0000000C)
    __rt_exit                                0x000003d7   Thumb Code     0  rtexit.o(.ARM.Collect$$rtexit$$00000000)
    __rt_exit_ls                             0x000003d9   Thumb Code     0  rtexit2.o(.ARM.Collect$$rtexit$$00000003)
    __rt_exit_prels_1                        0x000003d9   Thumb Code     0  rtexit2.o(.ARM.Collect$$rtexit$$00000002)
    __rt_exit_exit                           0x000003dd   Thumb Code     0  rtexit2.o(.ARM.Collect$$rtexit$$00000004)
    a_delay                                  0x000003e5   Thumb Code     0  a_delay.o(.text)
    Reset_Handler                            0x000003ed   Thumb Code     8  startup_tm4c123.o(.text)
    NMI_Handler                              0x000003f5   Thumb Code     2  startup_tm4c123.o(.text)
    HardFault_Handler                        0x000003f7   Thumb Code     2  startup_tm4c123.o(.text)
    MemManage_Handler                        0x000003f9   Thumb Code     2  startup_tm4c123.o(.text)
    BusFault_Handler                         0x000003fb   Thumb Code     2  startup_tm4c123.o(.text)
    UsageFault_Handler                       0x000003fd   Thumb Code     2  startup_tm4c123.o(.text)
    SVC_Handler                              0x000003ff   Thumb Code     2  startup_tm4c123.o(.text)
    DebugMon_Handler                         0x00000401   Thumb Code     2  startup_tm4c123.o(.text)
    PendSV_Handler                           0x00000403   Thumb Code     2  startup_tm4c123.o(.text)
    SysTick_Handler                          0x00000405   Thumb Code     2  startup_tm4c123.o(.text)
    GPIOA_Handler                            0x00000407   Thumb Code     2  startup_tm4c123.o(.text)
    GPIOB_Handler                            0x00000409   Thumb Code     2  startup_tm4c123.o(.text)
    GPIOC_Handler                            0x0000040b   Thumb Code     2  startup_tm4c123.o(.text)
    GPIOE_Handler                            0x0000040f   Thumb Code     2  startup_tm4c123.o(.text)
    UART0_Handler                            0x00000411   Thumb Code     2  startup_tm4c123.o(.text)
    UART1_Handler                            0x00000413   Thumb Code     2  startup_tm4c123.o(.text)
    SSI0_Handler                             0x00000415   Thumb Code     2  startup_tm4c123.o(.text)
    I2C0_Handler                             0x00000417   Thumb Code     2  startup_tm4c123.o(.text)
    PMW0_FAULT_Handler                       0x00000419   Thumb Code     2  startup_tm4c123.o(.text)
    PWM0_0_Handler                           0x0000041b   Thumb Code     2  startup_tm4c123.o(.text)
    PWM0_1_Handler                           0x0000041d   Thumb Code     2  startup_tm4c123.o(.text)
    PWM0_2_Handler                           0x0000041f   Thumb Code     2  startup_tm4c123.o(.text)
    QEI0_Handler                             0x00000421   Thumb Code     2  startup_tm4c123.o(.text)
    ADC0SS0_Handler                          0x00000423   Thumb Code     2  startup_tm4c123.o(.text)
    ADC0SS1_Handler                          0x00000425   Thumb Code     2  startup_tm4c123.o(.text)
    ADC0SS2_Handler                          0x00000427   Thumb Code     2  startup_tm4c123.o(.text)
    ADC0SS3_Handler                          0x00000429   Thumb Code     2  startup_tm4c123.o(.text)
    WDT0_Handler                             0x0000042b   Thumb Code     2  startup_tm4c123.o(.text)
    TIMER0B_Handler                          0x0000042f   Thumb Code     2  startup_tm4c123.o(.text)
    TIMER1A_Handler                          0x00000431   Thumb Code     2  startup_tm4c123.o(.text)
    TIMER1B_Handler                          0x00000433   Thumb Code     2  startup_tm4c123.o(.text)
    TIMER2A_Handler                          0x00000435   Thumb Code     2  startup_tm4c123.o(.text)
    TIMER2B_Handler                          0x00000437   Thumb Code     2  startup_tm4c123.o(.text)
    COMP1_Handler                            0x0000043b   Thumb Code     2  startup_tm4c123.o(.text)
    COMP2_Handler                            0x0000043d   Thumb Code     2  startup_tm4c123.o(.text)
    SYSCTL_Handler                           0x0000043f   Thumb Code     2  startup_tm4c123.o(.text)
    FLASH_Handler                            0x00000441   Thumb Code     2  startup_tm4c123.o(.text)
    GPIOG_Handler                            0x00000445   Thumb Code     2  startup_tm4c123.o(.text)
    GPIOH_Handler                            0x00000447   Thumb Code     2  startup_tm4c123.o(.text)
    UART2_Handler                            0x00000449   Thumb Code     2  startup_tm4c123.o(.text)
    SSI1_Handler                             0x0000044b   Thumb Code     2  startup_tm4c123.o(.text)
    TIMER3A_Handler                          0x0000044d   Thumb Code     2  startup_tm4c123.o(.text)
    TIMER3B_Handler                          0x0000044f   Thumb Code     2  startup_tm4c123.o(.text)
    I2C1_Handler                             0x00000451   Thumb Code     2  startup_tm4c123.o(.text)
    QEI1_Handler                             0x00000453   Thumb Code     2  startup_tm4c123.o(.text)
    CAN0_Handler                             0x00000455   Thumb Code     2  startup_tm4c123.o(.text)
    CAN1_Handler                             0x00000457   Thumb Code     2  startup_tm4c123.o(.text)
    CAN2_Handler                             0x00000459   Thumb Code     2  startup_tm4c123.o(.text)
    HIB_Handler                              0x0000045b   Thumb Code     2  startup_tm4c123.o(.text)
    USB0_Handler                             0x0000045d   Thumb Code     2  startup_tm4c123.o(.text)
    PWM0_3_Handler                           0x0000045f   Thumb Code     2  startup_tm4c123.o(.text)
    UDMA_Handler                             0x00000461   Thumb Code     2  startup_tm4c123.o(.text)
    UDMAERR_Handler                          0x00000463   Thumb Code     2  startup_tm4c123.o(.text)
    ADC1SS0_Handler                          0x00000465   Thumb Code     2  startup_tm4c123.o(.text)
    ADC1SS1_Handler                          0x00000467   Thumb Code     2  startup_tm4c123.o(.text)
    ADC1SS2_Handler                          0x00000469   Thumb Code     2  startup_tm4c123.o(.text)
    ADC1SS3_Handler                          0x0000046b   Thumb Code     2  startup_tm4c123.o(.text)
    GPIOJ_Handler                            0x0000046d   Thumb Code     2  startup_tm4c123.o(.text)
    GPIOK_Handler                            0x0000046f   Thumb Code     2  startup_tm4c123.o(.text)
    GPIOL_Handler                            0x00000471   Thumb Code     2  startup_tm4c123.o(.text)
    SSI2_Handler                             0x00000473   Thumb Code     2  startup_tm4c123.o(.text)
    SSI3_Handler                             0x00000475   Thumb Code     2  startup_tm4c123.o(.text)
    UART3_Handler                            0x00000477   Thumb Code     2  startup_tm4c123.o(.text)
    UART4_Handler                            0x00000479   Thumb Code     2  startup_tm4c123.o(.text)
    UART5_Handler                            0x0000047b   Thumb Code     2  startup_tm4c123.o(.text)
    UART6_Handler                            0x0000047d   Thumb Code     2  startup_tm4c123.o(.text)
    UART7_Handler                            0x0000047f   Thumb Code     2  startup_tm4c123.o(.text)
    I2C2_Handler                             0x00000481   Thumb Code     2  startup_tm4c123.o(.text)
    I2C3_Handler                             0x00000483   Thumb Code     2  startup_tm4c123.o(.text)
    TIMER4A_Handler                          0x00000485   Thumb Code     2  startup_tm4c123.o(.text)
    TIMER4B_Handler                          0x00000487   Thumb Code     2  startup_tm4c123.o(.text)
    TIMER5A_Handler                          0x00000489   Thumb Code     2  startup_tm4c123.o(.text)
    TIMER5B_Handler                          0x0000048b   Thumb Code     2  startup_tm4c123.o(.text)
    WTIMER0A_Handler                         0x0000048d   Thumb Code     2  startup_tm4c123.o(.text)
    WTIMER0B_Handler                         0x0000048f   Thumb Code     2  startup_tm4c123.o(.text)
    WTIMER1A_Handler                         0x00000491   Thumb Code     2  startup_tm4c123.o(.text)
    WTIMER1B_Handler                         0x00000493   Thumb Code     2  startup_tm4c123.o(.text)
    WTIMER2A_Handler                         0x00000495   Thumb Code     2  startup_tm4c123.o(.text)
    WTIMER2B_Handler                         0x00000497   Thumb Code     2  startup_tm4c123.o(.text)
    WTIMER3A_Handler                         0x00000499   Thumb Code     2  startup_tm4c123.o(.text)
    WTIMER3B_Handler                         0x0000049b   Thumb Code     2  startup_tm4c123.o(.text)
    WTIMER4A_Handler                         0x0000049d   Thumb Code     2  startup_tm4c123.o(.text)
    WTIMER4B_Handler                         0x0000049f   Thumb Code     2  startup_tm4c123.o(.text)
    WTIMER5A_Handler                         0x000004a1   Thumb Code     2  startup_tm4c123.o(.text)
    WTIMER5B_Handler                         0x000004a3   Thumb Code     2  startup_tm4c123.o(.text)
    FPU_Handler                              0x000004a5   Thumb Code     2  startup_tm4c123.o(.text)
    I2C4_Handler                             0x000004a7   Thumb Code     2  startup_tm4c123.o(.text)
    I2C5_Handler                             0x000004a9   Thumb Code     2  startup_tm4c123.o(.text)
    GPIOM_Handler                            0x000004ab   Thumb Code     2  startup_tm4c123.o(.text)
    GPION_Handler                            0x000004ad   Thumb Code     2  startup_tm4c123.o(.text)
    QEI2_Handler                             0x000004af   Thumb Code     2  startup_tm4c123.o(.text)
    GPIOP0_Handler                           0x000004b1   Thumb Code     2  startup_tm4c123.o(.text)
    GPIOP1_Handler                           0x000004b3   Thumb Code     2  startup_tm4c123.o(.text)
    GPIOP2_Handler                           0x000004b5   Thumb Code     2  startup_tm4c123.o(.text)
    GPIOP3_Handler                           0x000004b7   Thumb Code     2  startup_tm4c123.o(.text)
    GPIOP4_Handler                           0x000004b9   Thumb Code     2  startup_tm4c123.o(.text)
    GPIOP5_Handler                           0x000004bb   Thumb Code     2  startup_tm4c123.o(.text)
    GPIOP6_Handler                           0x000004bd   Thumb Code     2  startup_tm4c123.o(.text)
    GPIOP7_Handler                           0x000004bf   Thumb Code     2  startup_tm4c123.o(.text)
    GPIOQ0_Handler                           0x000004c1   Thumb Code     2  startup_tm4c123.o(.text)
    GPIOQ1_Handler                           0x000004c3   Thumb Code     2  startup_tm4c123.o(.text)
    GPIOQ2_Handler                           0x000004c5   Thumb Code     2  startup_tm4c123.o(.text)
    GPIOQ3_Handler                           0x000004c7   Thumb Code     2  startup_tm4c123.o(.text)
    GPIOQ4_Handler                           0x000004c9   Thumb Code     2  startup_tm4c123.o(.text)
    GPIOQ5_Handler                           0x000004cb   Thumb Code     2  startup_tm4c123.o(.text)
    GPIOQ6_Handler                           0x000004cd   Thumb Code     2  startup_tm4c123.o(.text)
    GPIOQ7_Handler                           0x000004cf   Thumb Code     2  startup_tm4c123.o(.text)
    GPIOR_Handler                            0x000004d1   Thumb Code     2  startup_tm4c123.o(.text)
    GPIOS_Handler                            0x000004d3   Thumb Code     2  startup_tm4c123.o(.text)
    PMW1_0_Handler                           0x000004d5   Thumb Code     2  startup_tm4c123.o(.text)
    PWM1_1_Handler                           0x000004d7   Thumb Code     2  startup_tm4c123.o(.text)
    PWM1_2_Handler                           0x000004d9   Thumb Code     2  startup_tm4c123.o(.text)
    PWM1_3_Handler                           0x000004db   Thumb Code     2  startup_tm4c123.o(.text)
    PWM1_FAULT_Handler                       0x000004dd   Thumb Code     2  startup_tm4c123.o(.text)
    __user_initial_stackheap                 0x000004e1   Thumb Code     0  startup_tm4c123.o(.text)
    sprintf                                  0x00000501   Thumb Code    38  sprintf.o(.text)
    __aeabi_memcpy                           0x0000052d   Thumb Code     0  rt_memcpy_v6.o(.text)
    __rt_memcpy                              0x0000052d   Thumb Code   138  rt_memcpy_v6.o(.text)
    _memcpy_lastbytes                        0x00000593   Thumb Code     0  rt_memcpy_v6.o(.text)
    __use_two_region_memory                  0x000005b7   Thumb Code     2  heapauxi.o(.text)
    __rt_heap_escrow$2region                 0x000005b9   Thumb Code     2  heapauxi.o(.text)
    __rt_heap_expand$2region                 0x000005bb   Thumb Code     2  heapauxi.o(.text)
    __read_errno                             0x000005bd   Thumb Code    10  _rserrno.o(.text)
    __set_errno                              0x000005c7   Thumb Code    12  _rserrno.o(.text)
    _printf_pre_padding                      0x000005d3   Thumb Code    44  _printf_pad.o(.text)
    _printf_post_padding                     0x000005ff   Thumb Code    34  _printf_pad.o(.text)
    _printf_truncate_signed                  0x00000621   Thumb Code    18  _printf_truncate.o(.text)
    _printf_truncate_unsigned                0x00000633   Thumb Code    18  _printf_truncate.o(.text)
    _printf_str                              0x00000645   Thumb Code    82  _printf_str.o(.text)
    _printf_int_dec                          0x00000699   Thumb Code   104  _printf_dec.o(.text)
    _printf_charcount                        0x00000711   Thumb Code    40  _printf_charcount.o(.text)
    _printf_char_common                      0x00000743   Thumb Code    32  _printf_char_common.o(.text)
    _sputc                                   0x00000769   Thumb Code    10  _sputc.o(.text)
    _printf_wctomb                           0x00000775   Thumb Code   182  _printf_wctomb.o(.text)
    _printf_longlong_dec                     0x00000831   Thumb Code   108  _printf_longlong_dec.o(.text)
    _printf_longlong_oct                     0x000008ad   Thumb Code    68  _printf_oct_int_ll.o(.text)
    _printf_int_oct                          0x000008f1   Thumb Code    24  _printf_oct_int_ll.o(.text)
    _printf_ll_oct                           0x00000909   Thumb Code    12  _printf_oct_int_ll.o(.text)
    _printf_longlong_hex                     0x0000091d   Thumb Code    86  _printf_hex_int_ll_ptr.o(.text)
    _printf_int_hex                          0x00000973   Thumb Code    28  _printf_hex_int_ll_ptr.o(.text)
    _printf_ll_hex                           0x0000098f   Thumb Code    12  _printf_hex_int_ll_ptr.o(.text)
    _printf_hex_ptr                          0x0000099b   Thumb Code    18  _printf_hex_int_ll_ptr.o(.text)
    __printf                                 0x000009b1   Thumb Code   388  __printf_flags_ss_wp.o(.text)
    __aeabi_memcpy4                          0x00000b39   Thumb Code     0  rt_memcpy_w.o(.text)
    __aeabi_memcpy8                          0x00000b39   Thumb Code     0  rt_memcpy_w.o(.text)
    __rt_memcpy_w                            0x00000b39   Thumb Code   100  rt_memcpy_w.o(.text)
    _memcpy_lastbytes_aligned                0x00000b81   Thumb Code     0  rt_memcpy_w.o(.text)
    __aeabi_errno_addr                       0x00000b9d   Thumb Code     8  rt_errno_addr_intlibspace.o(.text)
    __errno$intlibspace                      0x00000b9d   Thumb Code     0  rt_errno_addr_intlibspace.o(.text)
    __rt_errno_addr$intlibspace              0x00000b9d   Thumb Code     0  rt_errno_addr_intlibspace.o(.text)
    _ll_udiv10                               0x00000ba5   Thumb Code   138  lludiv10.o(.text)
    _printf_int_common                       0x00000c2f   Thumb Code   178  _printf_intcommon.o(.text)
    _printf_fp_dec_real                      0x00000e91   Thumb Code   620  _printf_fp_dec.o(.text)
    _printf_fp_hex_real                      0x000010fd   Thumb Code   756  _printf_fp_hex.o(.text)
    _printf_cs_common                        0x000013f9   Thumb Code    20  _printf_char.o(.text)
    _printf_char                             0x0000140d   Thumb Code    16  _printf_char.o(.text)
    _printf_string                           0x0000141d   Thumb Code     8  _printf_char.o(.text)
    _printf_lcs_common                       0x00001425   Thumb Code    20  _printf_wchar.o(.text)
    _printf_wchar                            0x00001439   Thumb Code    16  _printf_wchar.o(.text)
    _printf_wstring                          0x00001449   Thumb Code     8  _printf_wchar.o(.text)
    _c16rtomb                                0x00001451   Thumb Code    72  _c16rtomb.o(.text)
    _wcrtomb                                 0x00001451   Thumb Code     0  _c16rtomb.o(.text)
    __user_libspace                          0x00001499   Thumb Code     8  libspace.o(.text)
    __user_perproc_libspace                  0x00001499   Thumb Code     0  libspace.o(.text)
    __user_perthread_libspace                0x00001499   Thumb Code     0  libspace.o(.text)
    __user_setup_stackheap                   0x000014a1   Thumb Code    74  sys_stackheap_outer.o(.text)
    __rt_ctype_table                         0x000014ed   Thumb Code    16  rt_ctype_table.o(.text)
    __rt_locale                              0x000014fd   Thumb Code     8  rt_locale_intlibspace.o(.text)
    _printf_fp_infnan                        0x00001505   Thumb Code   112  _printf_fp_infnan.o(.text)
    _btod_etento                             0x00001585   Thumb Code   224  bigflt0.o(.text)
    exit                                     0x00001669   Thumb Code    18  exit.o(.text)
    strcmp                                   0x00001681   Thumb Code   124  strcmpv7em.o(.text)
    _sys_exit                                0x000016fd   Thumb Code     8  sys_exit.o(.text)
    __I$use$semihosting                      0x00001709   Thumb Code     0  use_no_semi.o(.text)
    __use_no_semihosting_swi                 0x00001709   Thumb Code     2  use_no_semi.o(.text)
    __semihosting_library_function           0x0000170b   Thumb Code     0  indicate_semi.o(.text)
    ADC1_Init                                0x0000170d   Thumb Code   218  main.o(.text.ADC1_Init)
    ADC1_Read                                0x000017e9   Thumb Code    66  main.o(.text.ADC1_Read)
    BMP280_GetAverageTemperature             0x0000182d   Thumb Code    72  main.o(.text.BMP280_GetAverageTemperature)
    BMP280_Init                              0x0000187d   Thumb Code    90  main.o(.text.BMP280_Init)
    BMP280_ReadCalibration                   0x000018d9   Thumb Code    88  main.o(.text.BMP280_ReadCalibration)
    BMP280_ReadTemperature                   0x00001931   Thumb Code   134  main.o(.text.BMP280_ReadTemperature)
    COMP0_Handler                            0x000019b9   Thumb Code   110  main.o(.text.COMP0_Handler)
    Delay                                    0x00001a29   Thumb Code    40  main.o(.text.Delay)
    GPIOF_Handler                            0x00001a51   Thumb Code   106  main.o(.text.GPIOF_Handler)
    I2C2_Init                                0x00001abd   Thumb Code   168  main.o(.text.I2C2_Init)
    I2C_Read_Multiple                        0x00001b65   Thumb Code   256  main.o(.text.I2C_Read_Multiple)
    I2C_Write                                0x00001c65   Thumb Code   126  main.o(.text.I2C_Write)
    LED_init                                 0x00001ce5   Thumb Code    82  main.o(.text.LED_init)
    Nokia5110_Clear                          0x00001d39   Thumb Code    48  nokia5110.o(.text.Nokia5110_Clear)
    Nokia5110_ClearBuffer                    0x00001d69   Thumb Code    46  nokia5110.o(.text.Nokia5110_ClearBuffer)
    Nokia5110_DisplayBuffer                  0x00001d99   Thumb Code    16  nokia5110.o(.text.Nokia5110_DisplayBuffer)
    Nokia5110_DrawFullImage                  0x00001da9   Thumb Code    56  nokia5110.o(.text.Nokia5110_DrawFullImage)
    Nokia5110_Init                           0x00001de1   Thumb Code   366  nokia5110.o(.text.Nokia5110_Init)
    Nokia5110_OutChar                        0x00001f51   Thumb Code    80  nokia5110.o(.text.Nokia5110_OutChar)
    Nokia5110_OutString                      0x00001fa1   Thumb Code    36  nokia5110.o(.text.Nokia5110_OutString)
    Nokia5110_SetCursor                      0x00001fc5   Thumb Code    76  nokia5110.o(.text.Nokia5110_SetCursor)
    Nokia5110_SetPxl                         0x00002011   Thumb Code    50  nokia5110.o(.text.Nokia5110_SetPxl)
    PlotScanData                             0x00002049   Thumb Code   544  main.o(.text.PlotScanData)
    SystemInit                               0x00002279   Thumb Code    18  system_tm4c123.o(.text.SystemInit)
    TIMER0A_Handler                          0x00002291   Thumb Code   232  main.o(.text.TIMER0A_Handler)
    configureDeepSleep                       0x000023b9   Thumb Code    40  main.o(.text.configureDeepSleep)
    configureWakeSources                     0x000023e1   Thumb Code   168  main.o(.text.configureWakeSources)
    dist_sense                               0x00002489   Thumb Code   200  main.o(.text.dist_sense)
    enterDeepSleep                           0x00002569   Thumb Code    78  main.o(.text.enterDeepSleep)
    init_Comparator0                         0x000025b9   Thumb Code   188  main.o(.text.init_Comparator0)
    init_GPIO                                0x00002675   Thumb Code   530  main.o(.text.init_GPIO)
    init_SysTick                             0x00002889   Thumb Code    44  main.o(.text.init_SysTick)
    init_speaker                             0x000028b5   Thumb Code   238  main.o(.text.init_speaker)
    low_Delay                                0x00002a71   Thumb Code    34  main.o(.text.low_Delay)
    main                                     0x00002a99   Thumb Code  1304  main.o(.text.main)
    move_motor                               0x00002fc9   Thumb Code   192  main.o(.text.move_motor)
    print_number_float                       0x00003091   Thumb Code   392  main.o(.text.print_number_float)
    print_number_int                         0x00003225   Thumb Code   294  main.o(.text.print_number_int)
    scan_object                              0x0000334d   Thumb Code   768  main.o(.text.scan_object)
    send_trigger_pulse                       0x00003655   Thumb Code   106  main.o(.text.send_trigger_pulse)
    set_step                                 0x000036c1   Thumb Code   122  main.o(.text.set_step)
    speaker_activate                         0x0000373d   Thumb Code    30  main.o(.text.speaker_activate)
    turn_off_LED                             0x0000375d   Thumb Code    18  main.o(.text.turn_off_LED)
    turn_on_LED                              0x00003771   Thumb Code    18  main.o(.text.turn_on_LED)
    _btod_d2e                                0x00003783   Thumb Code    62  btod.o(CL$$btod_d2e)
    _d2e_denorm_low                          0x000037c1   Thumb Code    70  btod.o(CL$$btod_d2e_denorm_low)
    _d2e_norm_op1                            0x00003807   Thumb Code    96  btod.o(CL$$btod_d2e_norm_op1)
    __btod_div_common                        0x00003869   Thumb Code   696  btod.o(CL$$btod_div_common)
    _e2e                                     0x00003ba1   Thumb Code   220  btod.o(CL$$btod_e2e)
    _btod_ediv                               0x00003c7d   Thumb Code    42  btod.o(CL$$btod_ediv)
    _btod_emul                               0x00003ca7   Thumb Code    42  btod.o(CL$$btod_emul)
    __btod_mult_common                       0x00003cd1   Thumb Code   580  btod.o(CL$$btod_mult_common)
    GPIOD_Handler                            0x00003f15   Thumb Code     0  gpiod_handler.o(GPIOD_Handler_Code)
    __ARM_fpclassify                         0x00003fd9   Thumb Code    48  fpclassify.o(i.__ARM_fpclassify)
    __hardfp_cos                             0x00004009   Thumb Code   180  cos.o(i.__hardfp_cos)
    __hardfp_sin                             0x000040d1   Thumb Code   180  sin.o(i.__hardfp_sin)
    __ieee754_rem_pio2                       0x00004199   Thumb Code   938  rred.o(i.__ieee754_rem_pio2)
    __kernel_cos                             0x000045d1   Thumb Code   322  cos_i.o(i.__kernel_cos)
    __kernel_poly                            0x00004741   Thumb Code   248  poly.o(i.__kernel_poly)
    __kernel_sin                             0x00004839   Thumb Code   280  sin_i.o(i.__kernel_sin)
    __mathlib_dbl_infnan                     0x00004969   Thumb Code    20  dunder.o(i.__mathlib_dbl_infnan)
    __mathlib_dbl_invalid                    0x00004981   Thumb Code    24  dunder.o(i.__mathlib_dbl_invalid)
    __mathlib_dbl_underflow                  0x000049a1   Thumb Code    24  dunder.o(i.__mathlib_dbl_underflow)
    _is_digit                                0x000049c1   Thumb Code    14  __printf_wp.o(i._is_digit)
    fabs                                     0x000049cf   Thumb Code    24  fabs.o(i.fabs)
    _get_lc_numeric                          0x000049e9   Thumb Code    44  lc_numeric_c.o(locale$$code)
    _get_lc_ctype                            0x00004a15   Thumb Code    44  lc_ctype_c.o(locale$$code)
    __aeabi_dneg                             0x00004a41   Thumb Code     0  basic.o(x$fpl$basic)
    _dneg                                    0x00004a41   Thumb Code     6  basic.o(x$fpl$basic)
    __aeabi_fneg                             0x00004a47   Thumb Code     0  basic.o(x$fpl$basic)
    _fneg                                    0x00004a47   Thumb Code     6  basic.o(x$fpl$basic)
    _dabs                                    0x00004a4d   Thumb Code     6  basic.o(x$fpl$basic)
    _fabs                                    0x00004a53   Thumb Code     6  basic.o(x$fpl$basic)
    __aeabi_d2f                              0x00004a59   Thumb Code     0  d2f.o(x$fpl$d2f)
    _d2f                                     0x00004a59   Thumb Code    98  d2f.o(x$fpl$d2f)
    __aeabi_dadd                             0x00004abd   Thumb Code     0  daddsub_clz.o(x$fpl$dadd)
    _dadd                                    0x00004abd   Thumb Code   332  daddsub_clz.o(x$fpl$dadd)
    __aeabi_ddiv                             0x00004c0d   Thumb Code     0  ddiv.o(x$fpl$ddiv)
    _ddiv                                    0x00004c0d   Thumb Code   560  ddiv.o(x$fpl$ddiv)
    __aeabi_d2iz                             0x00004ec5   Thumb Code     0  dfix.o(x$fpl$dfix)
    _dfix                                    0x00004ec5   Thumb Code    94  dfix.o(x$fpl$dfix)
    __aeabi_i2d                              0x00004f23   Thumb Code     0  dflt_clz.o(x$fpl$dflt)
    _dflt                                    0x00004f23   Thumb Code    46  dflt_clz.o(x$fpl$dflt)
    __aeabi_ui2d                             0x00004f51   Thumb Code     0  dflt_clz.o(x$fpl$dfltu)
    _dfltu                                   0x00004f51   Thumb Code    38  dflt_clz.o(x$fpl$dfltu)
    __aeabi_dmul                             0x00004f79   Thumb Code     0  dmul.o(x$fpl$dmul)
    _dmul                                    0x00004f79   Thumb Code   332  dmul.o(x$fpl$dmul)
    __fpl_dnaninf                            0x000050cd   Thumb Code   156  dnaninf.o(x$fpl$dnaninf)
    __fpl_dretinf                            0x00005169   Thumb Code    12  dretinf.o(x$fpl$dretinf)
    __aeabi_drsub                            0x00005175   Thumb Code     0  daddsub_clz.o(x$fpl$drsb)
    _drsb                                    0x00005175   Thumb Code    22  daddsub_clz.o(x$fpl$drsb)
    __aeabi_dsub                             0x0000518d   Thumb Code     0  daddsub_clz.o(x$fpl$dsub)
    _dsub                                    0x0000518d   Thumb Code   472  daddsub_clz.o(x$fpl$dsub)
    __aeabi_f2d                              0x00005369   Thumb Code     0  f2d.o(x$fpl$f2d)
    _f2d                                     0x00005369   Thumb Code    86  f2d.o(x$fpl$f2d)
    __fpl_fnaninf                            0x000053bf   Thumb Code   140  fnaninf.o(x$fpl$fnaninf)
    _fp_init                                 0x0000544b   Thumb Code    26  fpinit.o(x$fpl$fpinit)
    __fplib_config_fpu_vfp                   0x00005463   Thumb Code     0  fpinit.o(x$fpl$fpinit)
    __fplib_config_pureend_doubles           0x00005463   Thumb Code     0  fpinit.o(x$fpl$fpinit)
    __fpl_fretinf                            0x00005465   Thumb Code    10  fretinf.o(x$fpl$fretinf)
    _printf_fp_dec                           0x0000546f   Thumb Code     4  printf1.o(x$fpl$printf1)
    _printf_fp_hex                           0x00005473   Thumb Code     4  printf2.o(x$fpl$printf2)
    __I$use$fp                               0x00005476   Number         0  usenofp.o(x$fpl$usenofp)
    Masks                                    0x00005884   Data           8  nokia5110.o(.rodata.Masks)
    Region$$Table$$Base                      0x0000594c   Number         0  anon$$obj.o(Region$$Table)
    Region$$Table$$Limit                     0x0000596c   Number         0  anon$$obj.o(Region$$Table)
    __ctype                                  0x00005995   Data           0  lc_ctype_c.o(locale$$data)
    digital_temp_thr                         0x20000000   Data           4  main.o(.data.digital_temp_thr)
    high_time                                0x20000004   Data           4  main.o(.data.high_time)
    in_deep_sleep                            0x20000008   Data           4  main.o(.data.in_deep_sleep)
    low_time                                 0x2000000c   Data           4  main.o(.data.low_time)
    min_digital_temp_thr                     0x20000010   Data           4  main.o(.data.min_digital_temp_thr)
    state                                    0x20000014   Data           4  main.o(.data.state)
    __libspace_start                         0x20000018   Data          96  libspace.o(.bss)
    DIG_T1                                   0x20000078   Data           2  main.o(.bss.DIG_T1)
    __temporary_stack_top$libspace           0x20000078   Data           0  libspace.o(.bss)
    DIG_T2                                   0x2000007a   Data           2  main.o(.bss.DIG_T2)
    DIG_T3                                   0x2000007c   Data           2  main.o(.bss.DIG_T3)
    Screen                                   0x2000007e   Data         504  nokia5110.o(.bss.Screen)
    analog_temp_thr_adc_value                0x20000278   Data           4  main.o(.bss.analog_temp_thr_adc_value)
    duration                                 0x2000027c   Data           4  main.o(.bss.duration)
    page                                     0x20000284   Data           4  main.o(.bss.page)
    scanned_once                             0x20000288   Data           4  main.o(.bss.scanned_once)
    step                                     0x2000028c   Data           4  main.o(.bss.step)
    step_dest                                0x20000290   Data           4  main.o(.bss.step_dest)



==============================================================================

Memory Map of the image

  Image Entry point : 0x000003ed

  Load Region LR_1 (Base: 0x00000000, Size: 0x00005ab0, Max: 0xffffffff, ABSOLUTE)

    Execution Region ER_RO (Exec base: 0x00000000, Load base: 0x00000000, Size: 0x00005a98, Max: 0xffffffff, ABSOLUTE)

    Exec Addr    Load Addr    Size         Type   Attr      Idx    E Section Name        Object

    0x00000000   0x00000000   0x0000026c   Data   RO          155    RESET               startup_tm4c123.o
    0x0000026c   0x0000026c   0x00000008   Code   RO          182  * !!!main             c_w.l(__main.o)
    0x00000274   0x00000274   0x0000005c   Code   RO          609    !!!scatter          c_w.l(__scatter.o)
    0x000002d0   0x000002d0   0x0000001a   Code   RO          613    !!handler_copy      c_w.l(__scatter_copy.o)
    0x000002ea   0x000002ea   0x00000002   PAD
    0x000002ec   0x000002ec   0x00000002   Code   RO          610    !!handler_null      c_w.l(__scatter.o)
    0x000002ee   0x000002ee   0x00000002   PAD
    0x000002f0   0x000002f0   0x0000001c   Code   RO          615    !!handler_zi        c_w.l(__scatter_zi.o)
    0x0000030c   0x0000030c   0x00000000   Code   RO          306    .ARM.Collect$$_printf_percent$$00000000  c_w.l(_printf_percent.o)
    0x0000030c   0x0000030c   0x00000006   Code   RO          295    .ARM.Collect$$_printf_percent$$00000001  c_w.l(_printf_n.o)
    0x00000312   0x00000312   0x00000006   Code   RO          297    .ARM.Collect$$_printf_percent$$00000002  c_w.l(_printf_p.o)
    0x00000318   0x00000318   0x00000006   Code   RO          302    .ARM.Collect$$_printf_percent$$00000003  c_w.l(_printf_f.o)
    0x0000031e   0x0000031e   0x00000006   Code   RO          303    .ARM.Collect$$_printf_percent$$00000004  c_w.l(_printf_e.o)
    0x00000324   0x00000324   0x00000006   Code   RO          304    .ARM.Collect$$_printf_percent$$00000005  c_w.l(_printf_g.o)
    0x0000032a   0x0000032a   0x00000006   Code   RO          305    .ARM.Collect$$_printf_percent$$00000006  c_w.l(_printf_a.o)
    0x00000330   0x00000330   0x0000000a   Code   RO          310    .ARM.Collect$$_printf_percent$$00000007  c_w.l(_printf_ll.o)
    0x0000033a   0x0000033a   0x00000006   Code   RO          299    .ARM.Collect$$_printf_percent$$00000008  c_w.l(_printf_i.o)
    0x00000340   0x00000340   0x00000006   Code   RO          300    .ARM.Collect$$_printf_percent$$00000009  c_w.l(_printf_d.o)
    0x00000346   0x00000346   0x00000006   Code   RO          301    .ARM.Collect$$_printf_percent$$0000000A  c_w.l(_printf_u.o)
    0x0000034c   0x0000034c   0x00000006   Code   RO          298    .ARM.Collect$$_printf_percent$$0000000B  c_w.l(_printf_o.o)
    0x00000352   0x00000352   0x00000006   Code   RO          296    .ARM.Collect$$_printf_percent$$0000000C  c_w.l(_printf_x.o)
    0x00000358   0x00000358   0x00000006   Code   RO          307    .ARM.Collect$$_printf_percent$$0000000D  c_w.l(_printf_lli.o)
    0x0000035e   0x0000035e   0x00000006   Code   RO          308    .ARM.Collect$$_printf_percent$$0000000E  c_w.l(_printf_lld.o)
    0x00000364   0x00000364   0x00000006   Code   RO          309    .ARM.Collect$$_printf_percent$$0000000F  c_w.l(_printf_llu.o)
    0x0000036a   0x0000036a   0x00000006   Code   RO          314    .ARM.Collect$$_printf_percent$$00000010  c_w.l(_printf_llo.o)
    0x00000370   0x00000370   0x00000006   Code   RO          315    .ARM.Collect$$_printf_percent$$00000011  c_w.l(_printf_llx.o)
    0x00000376   0x00000376   0x0000000a   Code   RO          311    .ARM.Collect$$_printf_percent$$00000012  c_w.l(_printf_l.o)
    0x00000380   0x00000380   0x00000006   Code   RO          293    .ARM.Collect$$_printf_percent$$00000013  c_w.l(_printf_c.o)
    0x00000386   0x00000386   0x00000006   Code   RO          294    .ARM.Collect$$_printf_percent$$00000014  c_w.l(_printf_s.o)
    0x0000038c   0x0000038c   0x00000006   Code   RO          312    .ARM.Collect$$_printf_percent$$00000015  c_w.l(_printf_lc.o)
    0x00000392   0x00000392   0x00000006   Code   RO          313    .ARM.Collect$$_printf_percent$$00000016  c_w.l(_printf_ls.o)
    0x00000398   0x00000398   0x00000004   Code   RO          399    .ARM.Collect$$_printf_percent$$00000017  c_w.l(_printf_percent_end.o)
    0x0000039c   0x0000039c   0x00000002   Code   RO          463    .ARM.Collect$$libinit$$00000000  c_w.l(libinit.o)
    0x0000039e   0x0000039e   0x00000004   Code   RO          475    .ARM.Collect$$libinit$$00000001  c_w.l(libinit2.o)
    0x000003a2   0x000003a2   0x00000000   Code   RO          478    .ARM.Collect$$libinit$$00000004  c_w.l(libinit2.o)
    0x000003a2   0x000003a2   0x00000000   Code   RO          480    .ARM.Collect$$libinit$$00000006  c_w.l(libinit2.o)
    0x000003a2   0x000003a2   0x00000000   Code   RO          483    .ARM.Collect$$libinit$$0000000C  c_w.l(libinit2.o)
    0x000003a2   0x000003a2   0x00000000   Code   RO          485    .ARM.Collect$$libinit$$0000000E  c_w.l(libinit2.o)
    0x000003a2   0x000003a2   0x00000000   Code   RO          487    .ARM.Collect$$libinit$$00000010  c_w.l(libinit2.o)
    0x000003a2   0x000003a2   0x00000006   Code   RO          488    .ARM.Collect$$libinit$$00000011  c_w.l(libinit2.o)
    0x000003a8   0x000003a8   0x00000000   Code   RO          490    .ARM.Collect$$libinit$$00000013  c_w.l(libinit2.o)
    0x000003a8   0x000003a8   0x0000000c   Code   RO          491    .ARM.Collect$$libinit$$00000014  c_w.l(libinit2.o)
    0x000003b4   0x000003b4   0x00000000   Code   RO          492    .ARM.Collect$$libinit$$00000015  c_w.l(libinit2.o)
    0x000003b4   0x000003b4   0x00000000   Code   RO          494    .ARM.Collect$$libinit$$00000017  c_w.l(libinit2.o)
    0x000003b4   0x000003b4   0x0000000a   Code   RO          495    .ARM.Collect$$libinit$$00000018  c_w.l(libinit2.o)
    0x000003be   0x000003be   0x00000000   Code   RO          496    .ARM.Collect$$libinit$$00000019  c_w.l(libinit2.o)
    0x000003be   0x000003be   0x00000000   Code   RO          498    .ARM.Collect$$libinit$$0000001B  c_w.l(libinit2.o)
    0x000003be   0x000003be   0x00000000   Code   RO          500    .ARM.Collect$$libinit$$0000001D  c_w.l(libinit2.o)
    0x000003be   0x000003be   0x00000000   Code   RO          502    .ARM.Collect$$libinit$$0000001F  c_w.l(libinit2.o)
    0x000003be   0x000003be   0x00000000   Code   RO          504    .ARM.Collect$$libinit$$00000021  c_w.l(libinit2.o)
    0x000003be   0x000003be   0x00000000   Code   RO          506    .ARM.Collect$$libinit$$00000023  c_w.l(libinit2.o)
    0x000003be   0x000003be   0x00000000   Code   RO          508    .ARM.Collect$$libinit$$00000025  c_w.l(libinit2.o)
    0x000003be   0x000003be   0x00000000   Code   RO          510    .ARM.Collect$$libinit$$00000027  c_w.l(libinit2.o)
    0x000003be   0x000003be   0x00000000   Code   RO          514    .ARM.Collect$$libinit$$0000002E  c_w.l(libinit2.o)
    0x000003be   0x000003be   0x00000000   Code   RO          516    .ARM.Collect$$libinit$$00000030  c_w.l(libinit2.o)
    0x000003be   0x000003be   0x00000000   Code   RO          518    .ARM.Collect$$libinit$$00000032  c_w.l(libinit2.o)
    0x000003be   0x000003be   0x00000000   Code   RO          520    .ARM.Collect$$libinit$$00000034  c_w.l(libinit2.o)
    0x000003be   0x000003be   0x00000002   Code   RO          521    .ARM.Collect$$libinit$$00000035  c_w.l(libinit2.o)
    0x000003c0   0x000003c0   0x00000002   Code   RO          545    .ARM.Collect$$libshutdown$$00000000  c_w.l(libshutdown.o)
    0x000003c2   0x000003c2   0x00000000   Code   RO          560    .ARM.Collect$$libshutdown$$00000002  c_w.l(libshutdown2.o)
    0x000003c2   0x000003c2   0x00000000   Code   RO          562    .ARM.Collect$$libshutdown$$00000004  c_w.l(libshutdown2.o)
    0x000003c2   0x000003c2   0x00000000   Code   RO          565    .ARM.Collect$$libshutdown$$00000007  c_w.l(libshutdown2.o)
    0x000003c2   0x000003c2   0x00000000   Code   RO          568    .ARM.Collect$$libshutdown$$0000000A  c_w.l(libshutdown2.o)
    0x000003c2   0x000003c2   0x00000000   Code   RO          570    .ARM.Collect$$libshutdown$$0000000C  c_w.l(libshutdown2.o)
    0x000003c2   0x000003c2   0x00000000   Code   RO          573    .ARM.Collect$$libshutdown$$0000000F  c_w.l(libshutdown2.o)
    0x000003c2   0x000003c2   0x00000002   Code   RO          574    .ARM.Collect$$libshutdown$$00000010  c_w.l(libshutdown2.o)
    0x000003c4   0x000003c4   0x00000000   Code   RO          222    .ARM.Collect$$rtentry$$00000000  c_w.l(__rtentry.o)
    0x000003c4   0x000003c4   0x00000000   Code   RO          363    .ARM.Collect$$rtentry$$00000002  c_w.l(__rtentry2.o)
    0x000003c4   0x000003c4   0x00000006   Code   RO          375    .ARM.Collect$$rtentry$$00000004  c_w.l(__rtentry4.o)
    0x000003ca   0x000003ca   0x00000000   Code   RO          365    .ARM.Collect$$rtentry$$00000009  c_w.l(__rtentry2.o)
    0x000003ca   0x000003ca   0x00000004   Code   RO          366    .ARM.Collect$$rtentry$$0000000A  c_w.l(__rtentry2.o)
    0x000003ce   0x000003ce   0x00000000   Code   RO          368    .ARM.Collect$$rtentry$$0000000C  c_w.l(__rtentry2.o)
    0x000003ce   0x000003ce   0x00000008   Code   RO          369    .ARM.Collect$$rtentry$$0000000D  c_w.l(__rtentry2.o)
    0x000003d6   0x000003d6   0x00000002   Code   RO          466    .ARM.Collect$$rtexit$$00000000  c_w.l(rtexit.o)
    0x000003d8   0x000003d8   0x00000000   Code   RO          523    .ARM.Collect$$rtexit$$00000002  c_w.l(rtexit2.o)
    0x000003d8   0x000003d8   0x00000004   Code   RO          524    .ARM.Collect$$rtexit$$00000003  c_w.l(rtexit2.o)
    0x000003dc   0x000003dc   0x00000006   Code   RO          525    .ARM.Collect$$rtexit$$00000004  c_w.l(rtexit2.o)
    0x000003e2   0x000003e2   0x00000002   PAD
    0x000003e4   0x000003e4   0x00000006   Code   RO            1    .text               a_delay.o
    0x000003ea   0x000003ea   0x00000002   PAD
    0x000003ec   0x000003ec   0x00000114   Code   RO          156  * .text               startup_tm4c123.o
    0x00000500   0x00000500   0x0000002c   Code   RO          176    .text               c_w.l(sprintf.o)
    0x0000052c   0x0000052c   0x0000008a   Code   RO          178    .text               c_w.l(rt_memcpy_v6.o)
    0x000005b6   0x000005b6   0x00000006   Code   RO          180    .text               c_w.l(heapauxi.o)
    0x000005bc   0x000005bc   0x00000016   Code   RO          223    .text               c_w.l(_rserrno.o)
    0x000005d2   0x000005d2   0x0000004e   Code   RO          227    .text               c_w.l(_printf_pad.o)
    0x00000620   0x00000620   0x00000024   Code   RO          229    .text               c_w.l(_printf_truncate.o)
    0x00000644   0x00000644   0x00000052   Code   RO          231    .text               c_w.l(_printf_str.o)
    0x00000696   0x00000696   0x00000002   PAD
    0x00000698   0x00000698   0x00000078   Code   RO          233    .text               c_w.l(_printf_dec.o)
    0x00000710   0x00000710   0x00000028   Code   RO          235    .text               c_w.l(_printf_charcount.o)
    0x00000738   0x00000738   0x00000030   Code   RO          237    .text               c_w.l(_printf_char_common.o)
    0x00000768   0x00000768   0x0000000a   Code   RO          239    .text               c_w.l(_sputc.o)
    0x00000772   0x00000772   0x00000002   PAD
    0x00000774   0x00000774   0x000000bc   Code   RO          241    .text               c_w.l(_printf_wctomb.o)
    0x00000830   0x00000830   0x0000007c   Code   RO          244    .text               c_w.l(_printf_longlong_dec.o)
    0x000008ac   0x000008ac   0x00000070   Code   RO          250    .text               c_w.l(_printf_oct_int_ll.o)
    0x0000091c   0x0000091c   0x00000094   Code   RO          270    .text               c_w.l(_printf_hex_int_ll_ptr.o)
    0x000009b0   0x000009b0   0x00000188   Code   RO          290    .text               c_w.l(__printf_flags_ss_wp.o)
    0x00000b38   0x00000b38   0x00000064   Code   RO          316    .text               c_w.l(rt_memcpy_w.o)
    0x00000b9c   0x00000b9c   0x00000008   Code   RO          380    .text               c_w.l(rt_errno_addr_intlibspace.o)
    0x00000ba4   0x00000ba4   0x0000008a   Code   RO          382    .text               c_w.l(lludiv10.o)
    0x00000c2e   0x00000c2e   0x000000b2   Code   RO          384    .text               c_w.l(_printf_intcommon.o)
    0x00000ce0   0x00000ce0   0x0000041c   Code   RO          386    .text               c_w.l(_printf_fp_dec.o)
    0x000010fc   0x000010fc   0x000002fc   Code   RO          390    .text               c_w.l(_printf_fp_hex.o)
    0x000013f8   0x000013f8   0x0000002c   Code   RO          395    .text               c_w.l(_printf_char.o)
    0x00001424   0x00001424   0x0000002c   Code   RO          397    .text               c_w.l(_printf_wchar.o)
    0x00001450   0x00001450   0x00000048   Code   RO          400    .text               c_w.l(_c16rtomb.o)
    0x00001498   0x00001498   0x00000008   Code   RO          412    .text               c_w.l(libspace.o)
    0x000014a0   0x000014a0   0x0000004a   Code   RO          415    .text               c_w.l(sys_stackheap_outer.o)
    0x000014ea   0x000014ea   0x00000002   PAD
    0x000014ec   0x000014ec   0x00000010   Code   RO          417    .text               c_w.l(rt_ctype_table.o)
    0x000014fc   0x000014fc   0x00000008   Code   RO          422    .text               c_w.l(rt_locale_intlibspace.o)
    0x00001504   0x00001504   0x00000080   Code   RO          424    .text               c_w.l(_printf_fp_infnan.o)
    0x00001584   0x00001584   0x000000e4   Code   RO          426    .text               c_w.l(bigflt0.o)
    0x00001668   0x00001668   0x00000012   Code   RO          456    .text               c_w.l(exit.o)
    0x0000167a   0x0000167a   0x00000006   PAD
    0x00001680   0x00001680   0x0000007c   Code   RO          473    .text               c_w.l(strcmpv7em.o)
    0x000016fc   0x000016fc   0x0000000c   Code   RO          535    .text               c_w.l(sys_exit.o)
    0x00001708   0x00001708   0x00000002   Code   RO          550    .text               c_w.l(use_no_semi.o)
    0x0000170a   0x0000170a   0x00000000   Code   RO          552    .text               c_w.l(indicate_semi.o)
    0x0000170a   0x0000170a   0x00000002   PAD
    0x0000170c   0x0000170c   0x000000da   Code   RO           65    .text.ADC1_Init     main.o
    0x000017e6   0x000017e6   0x00000002   PAD
    0x000017e8   0x000017e8   0x00000042   Code   RO           67    .text.ADC1_Read     main.o
    0x0000182a   0x0000182a   0x00000002   PAD
    0x0000182c   0x0000182c   0x00000050   Code   RO          109    .text.BMP280_GetAverageTemperature  main.o
    0x0000187c   0x0000187c   0x0000005a   Code   RO          103    .text.BMP280_Init   main.o
    0x000018d6   0x000018d6   0x00000002   PAD
    0x000018d8   0x000018d8   0x00000058   Code   RO          101    .text.BMP280_ReadCalibration  main.o
    0x00001930   0x00001930   0x00000086   Code   RO          107    .text.BMP280_ReadTemperature  main.o
    0x000019b6   0x000019b6   0x00000002   PAD
    0x000019b8   0x000019b8   0x0000006e   Code   RO          117    .text.COMP0_Handler  main.o
    0x00001a26   0x00001a26   0x00000002   PAD
    0x00001a28   0x00001a28   0x00000028   Code   RO           51    .text.Delay         main.o
    0x00001a50   0x00001a50   0x0000006a   Code   RO           83    .text.GPIOF_Handler  main.o
    0x00001aba   0x00001aba   0x00000002   PAD
    0x00001abc   0x00001abc   0x000000a8   Code   RO           95    .text.I2C2_Init     main.o
    0x00001b64   0x00001b64   0x00000100   Code   RO           99    .text.I2C_Read_Multiple  main.o
    0x00001c64   0x00001c64   0x0000007e   Code   RO           97    .text.I2C_Write     main.o
    0x00001ce2   0x00001ce2   0x00000002   PAD
    0x00001ce4   0x00001ce4   0x00000052   Code   RO           77    .text.LED_init      main.o
    0x00001d36   0x00001d36   0x00000002   PAD
    0x00001d38   0x00001d38   0x00000030   Code   RO           21    .text.Nokia5110_Clear  nokia5110.o
    0x00001d68   0x00001d68   0x0000002e   Code   RO           27    .text.Nokia5110_ClearBuffer  nokia5110.o
    0x00001d96   0x00001d96   0x00000002   PAD
    0x00001d98   0x00001d98   0x00000010   Code   RO           29    .text.Nokia5110_DisplayBuffer  nokia5110.o
    0x00001da8   0x00001da8   0x00000038   Code   RO           23    .text.Nokia5110_DrawFullImage  nokia5110.o
    0x00001de0   0x00001de0   0x0000016e   Code   RO            7    .text.Nokia5110_Init  nokia5110.o
    0x00001f4e   0x00001f4e   0x00000002   PAD
    0x00001f50   0x00001f50   0x00000050   Code   RO           11    .text.Nokia5110_OutChar  nokia5110.o
    0x00001fa0   0x00001fa0   0x00000024   Code   RO           15    .text.Nokia5110_OutString  nokia5110.o
    0x00001fc4   0x00001fc4   0x0000004c   Code   RO           19    .text.Nokia5110_SetCursor  nokia5110.o
    0x00002010   0x00002010   0x00000032   Code   RO           33    .text.Nokia5110_SetPxl  nokia5110.o
    0x00002042   0x00002042   0x00000006   PAD
    0x00002048   0x00002048   0x00000230   Code   RO           91    .text.PlotScanData  main.o
    0x00002278   0x00002278   0x00000012   Code   RO          165    .text.SystemInit    system_tm4c123.o
    0x0000228a   0x0000228a   0x00000006   PAD
    0x00002290   0x00002290   0x000000f8   Code   RO           73    .text.TIMER0A_Handler  main.o
    0x00002388   0x00002388   0x00000030   Code   RO          115    .text.__NVIC_EnableIRQ  main.o
    0x000023b8   0x000023b8   0x00000028   Code   RO           87    .text.configureDeepSleep  main.o
    0x000023e0   0x000023e0   0x000000a8   Code   RO           85    .text.configureWakeSources  main.o
    0x00002488   0x00002488   0x000000e0   Code   RO           59    .text.dist_sense    main.o
    0x00002568   0x00002568   0x0000004e   Code   RO           89    .text.enterDeepSleep  main.o
    0x000025b6   0x000025b6   0x00000002   PAD
    0x000025b8   0x000025b8   0x000000bc   Code   RO          113    .text.init_Comparator0  main.o
    0x00002674   0x00002674   0x00000212   Code   RO          111    .text.init_GPIO     main.o
    0x00002886   0x00002886   0x00000002   PAD
    0x00002888   0x00002888   0x0000002c   Code   RO          119    .text.init_SysTick  main.o
    0x000028b4   0x000028b4   0x000000ee   Code   RO           71    .text.init_speaker  main.o
    0x000029a2   0x000029a2   0x00000002   PAD
    0x000029a4   0x000029a4   0x0000003a   Code   RO           13    .text.lcddatawrite  nokia5110.o
    0x000029de   0x000029de   0x00000002   PAD
    0x000029e0   0x000029e0   0x00000090   Code   RO            9    .text.lcdwrite      nokia5110.o
    0x00002a70   0x00002a70   0x00000022   Code   RO           53    .text.low_Delay     main.o
    0x00002a92   0x00002a92   0x00000006   PAD
    0x00002a98   0x00002a98   0x00000530   Code   RO          121    .text.main          main.o
    0x00002fc8   0x00002fc8   0x000000c8   Code   RO           55    .text.move_motor    main.o
    0x00003090   0x00003090   0x00000194   Code   RO           63    .text.print_number_float  main.o
    0x00003224   0x00003224   0x00000126   Code   RO           61    .text.print_number_int  main.o
    0x0000334a   0x0000334a   0x00000002   PAD
    0x0000334c   0x0000334c   0x00000308   Code   RO           93    .text.scan_object   main.o
    0x00003654   0x00003654   0x0000006a   Code   RO           57    .text.send_trigger_pulse  main.o
    0x000036be   0x000036be   0x00000002   PAD
    0x000036c0   0x000036c0   0x0000007a   Code   RO           49    .text.set_step      main.o
    0x0000373a   0x0000373a   0x00000002   PAD
    0x0000373c   0x0000373c   0x0000001e   Code   RO           75    .text.speaker_activate  main.o
    0x0000375a   0x0000375a   0x00000002   PAD
    0x0000375c   0x0000375c   0x00000012   Code   RO           81    .text.turn_off_LED  main.o
    0x0000376e   0x0000376e   0x00000002   PAD
    0x00003770   0x00003770   0x00000012   Code   RO           79    .text.turn_on_LED   main.o
    0x00003782   0x00003782   0x0000003e   Code   RO          429    CL$$btod_d2e        c_w.l(btod.o)
    0x000037c0   0x000037c0   0x00000046   Code   RO          431    CL$$btod_d2e_denorm_low  c_w.l(btod.o)
    0x00003806   0x00003806   0x00000060   Code   RO          430    CL$$btod_d2e_norm_op1  c_w.l(btod.o)
    0x00003866   0x00003866   0x00000002   PAD
    0x00003868   0x00003868   0x00000338   Code   RO          439    CL$$btod_div_common  c_w.l(btod.o)
    0x00003ba0   0x00003ba0   0x000000dc   Code   RO          436    CL$$btod_e2e        c_w.l(btod.o)
    0x00003c7c   0x00003c7c   0x0000002a   Code   RO          433    CL$$btod_ediv       c_w.l(btod.o)
    0x00003ca6   0x00003ca6   0x0000002a   Code   RO          432    CL$$btod_emul       c_w.l(btod.o)
    0x00003cd0   0x00003cd0   0x00000244   Code   RO          438    CL$$btod_mult_common  c_w.l(btod.o)
    0x00003f14   0x00003f14   0x000000c4   Code   RO          150    GPIOD_Handler_Code  gpiod_handler.o
    0x00003fd8   0x00003fd8   0x00000030   Code   RO          408    i.__ARM_fpclassify  m_wm.l(fpclassify.o)
    0x00004008   0x00004008   0x000000c8   Code   RO          210    i.__hardfp_cos      m_wm.l(cos.o)
    0x000040d0   0x000040d0   0x000000c8   Code   RO          216    i.__hardfp_sin      m_wm.l(sin.o)
    0x00004198   0x00004198   0x00000438   Code   RO          354    i.__ieee754_rem_pio2  m_wm.l(rred.o)
    0x000045d0   0x000045d0   0x00000170   Code   RO          337    i.__kernel_cos      m_wm.l(cos_i.o)
    0x00004740   0x00004740   0x000000f8   Code   RO          410    i.__kernel_poly     m_wm.l(poly.o)
    0x00004838   0x00004838   0x00000130   Code   RO          359    i.__kernel_sin      m_wm.l(sin_i.o)
    0x00004968   0x00004968   0x00000014   Code   RO          341    i.__mathlib_dbl_infnan  m_wm.l(dunder.o)
    0x0000497c   0x0000497c   0x00000004   PAD
    0x00004980   0x00004980   0x00000020   Code   RO          343    i.__mathlib_dbl_invalid  m_wm.l(dunder.o)
    0x000049a0   0x000049a0   0x00000020   Code   RO          346    i.__mathlib_dbl_underflow  m_wm.l(dunder.o)
    0x000049c0   0x000049c0   0x0000000e   Code   RO          283    i._is_digit         c_w.l(__printf_wp.o)
    0x000049ce   0x000049ce   0x00000018   Code   RO          404    i.fabs              m_wm.l(fabs.o)
    0x000049e6   0x000049e6   0x00000002   PAD
    0x000049e8   0x000049e8   0x0000002c   Code   RO          454    locale$$code        c_w.l(lc_numeric_c.o)
    0x00004a14   0x00004a14   0x0000002c   Code   RO          471    locale$$code        c_w.l(lc_ctype_c.o)
    0x00004a40   0x00004a40   0x00000018   Code   RO          318    x$fpl$basic         fz_wm.l(basic.o)
    0x00004a58   0x00004a58   0x00000062   Code   RO          184    x$fpl$d2f           fz_wm.l(d2f.o)
    0x00004aba   0x00004aba   0x00000002   PAD
    0x00004abc   0x00004abc   0x00000150   Code   RO          186    x$fpl$dadd          fz_wm.l(daddsub_clz.o)
    0x00004c0c   0x00004c0c   0x000002b8   Code   RO          193    x$fpl$ddiv          fz_wm.l(ddiv.o)
    0x00004ec4   0x00004ec4   0x0000005e   Code   RO          196    x$fpl$dfix          fz_wm.l(dfix.o)
    0x00004f22   0x00004f22   0x0000002e   Code   RO          201    x$fpl$dflt          fz_wm.l(dflt_clz.o)
    0x00004f50   0x00004f50   0x00000026   Code   RO          200    x$fpl$dfltu         fz_wm.l(dflt_clz.o)
    0x00004f76   0x00004f76   0x00000002   PAD
    0x00004f78   0x00004f78   0x00000154   Code   RO          206    x$fpl$dmul          fz_wm.l(dmul.o)
    0x000050cc   0x000050cc   0x0000009c   Code   RO          320    x$fpl$dnaninf       fz_wm.l(dnaninf.o)
    0x00005168   0x00005168   0x0000000c   Code   RO          322    x$fpl$dretinf       fz_wm.l(dretinf.o)
    0x00005174   0x00005174   0x00000016   Code   RO          187    x$fpl$drsb          fz_wm.l(daddsub_clz.o)
    0x0000518a   0x0000518a   0x00000002   PAD
    0x0000518c   0x0000518c   0x000001dc   Code   RO          188    x$fpl$dsub          fz_wm.l(daddsub_clz.o)
    0x00005368   0x00005368   0x00000056   Code   RO          208    x$fpl$f2d           fz_wm.l(f2d.o)
    0x000053be   0x000053be   0x0000008c   Code   RO          324    x$fpl$fnaninf       fz_wm.l(fnaninf.o)
    0x0000544a   0x0000544a   0x0000001a   Code   RO          533    x$fpl$fpinit        fz_wm.l(fpinit.o)
    0x00005464   0x00005464   0x0000000a   Code   RO          326    x$fpl$fretinf       fz_wm.l(fretinf.o)
    0x0000546e   0x0000546e   0x00000004   Code   RO          328    x$fpl$printf1       fz_wm.l(printf1.o)
    0x00005472   0x00005472   0x00000004   Code   RO          330    x$fpl$printf2       fz_wm.l(printf2.o)
    0x00005476   0x00005476   0x00000000   Code   RO          336    x$fpl$usenofp       fz_wm.l(usenofp.o)
    0x00005476   0x00005476   0x00000002   PAD
    0x00005478   0x00005478   0x00000008   Data   RO          242    .constdata          c_w.l(_printf_wctomb.o)
    0x00005480   0x00005480   0x00000028   Data   RO          271    .constdata          c_w.l(_printf_hex_int_ll_ptr.o)
    0x000054a8   0x000054a8   0x00000011   Data   RO          291    .constdata          c_w.l(__printf_flags_ss_wp.o)
    0x000054b9   0x000054b9   0x00000007   PAD
    0x000054c0   0x000054c0   0x00000030   Data   RO          338    .constdata          m_wm.l(cos_i.o)
    0x000054f0   0x000054f0   0x000000cc   Data   RO          356    .constdata          m_wm.l(rred.o)
    0x000055bc   0x000055bc   0x00000004   PAD
    0x000055c0   0x000055c0   0x00000028   Data   RO          360    .constdata          m_wm.l(sin_i.o)
    0x000055e8   0x000055e8   0x00000026   Data   RO          391    .constdata          c_w.l(_printf_fp_hex.o)
    0x0000560e   0x0000560e   0x00000002   PAD
    0x00005610   0x00005610   0x00000094   Data   RO          427    .constdata          c_w.l(bigflt0.o)
    0x000056a4   0x000056a4   0x000001e0   Data   RO           35    .rodata.ASCII       nokia5110.o
    0x00005884   0x00005884   0x00000008   Data   RO           38    .rodata.Masks       nokia5110.o
    0x0000588c   0x0000588c   0x00000020   Data   RO          125    .rodata.cst32       main.o
    0x000058ac   0x000058ac   0x000000a0   Data   RO          136    .rodata.str1.1      main.o
    0x0000594c   0x0000594c   0x00000020   Data   RO          608    Region$$Table       anon$$obj.o
    0x0000596c   0x0000596c   0x0000001c   Data   RO          453    locale$$data        c_w.l(lc_numeric_c.o)
    0x00005988   0x00005988   0x00000110   Data   RO          470    locale$$data        c_w.l(lc_ctype_c.o)


    Execution Region ER_RW (Exec base: 0x20000000, Load base: 0x00005a98, Size: 0x00000018, Max: 0xffffffff, ABSOLUTE)

    Exec Addr    Load Addr    Size         Type   Attr      Idx    E Section Name        Object

    0x20000000   0x00005a98   0x00000004   Data   RW          130    .data.digital_temp_thr  main.o
    0x20000004   0x00005a9c   0x00000004   Data   RW          127    .data.high_time     main.o
    0x20000008   0x00005aa0   0x00000004   Data   RW          132    .data.in_deep_sleep  main.o
    0x2000000c   0x00005aa4   0x00000004   Data   RW          128    .data.low_time      main.o
    0x20000010   0x00005aa8   0x00000004   Data   RW          129    .data.min_digital_temp_thr  main.o
    0x20000014   0x00005aac   0x00000004   Data   RW          133    .data.state         main.o


    Execution Region ER_ZI (Exec base: 0x20000018, Load base: 0x00005ab0, Size: 0x00000480, Max: 0xffffffff, ABSOLUTE)

    Exec Addr    Load Addr    Size         Type   Attr      Idx    E Section Name        Object

    0x20000018        -       0x00000060   Zero   RW          413    .bss                c_w.l(libspace.o)
    0x20000078        -       0x00000002   Zero   RW          137    .bss.DIG_T1         main.o
    0x2000007a        -       0x00000002   Zero   RW          138    .bss.DIG_T2         main.o
    0x2000007c        -       0x00000002   Zero   RW          139    .bss.DIG_T3         main.o
    0x2000007e        -       0x000001f8   Zero   RW           37    .bss.Screen         nokia5110.o
    0x20000276   0x00005ab0   0x00000002   PAD
    0x20000278        -       0x00000004   Zero   RW          140    .bss.analog_temp_thr_adc_value  main.o
    0x2000027c        -       0x00000004   Zero   RW          131    .bss.duration       main.o
    0x20000280        -       0x00000004   Zero   RW          141    .bss.main.last_time_update  main.o
    0x20000284        -       0x00000004   Zero   RW          134    .bss.page           main.o
    0x20000288        -       0x00000004   Zero   RW          135    .bss.scanned_once   main.o
    0x2000028c        -       0x00000004   Zero   RW          123    .bss.step           main.o
    0x20000290        -       0x00000004   Zero   RW          124    .bss.step_dest      main.o
    0x20000294   0x00005ab0   0x00000004   PAD
    0x20000298        -       0x00000000   Zero   RW          154    HEAP                startup_tm4c123.o
    0x20000298        -       0x00000200   Zero   RW          153    STACK               startup_tm4c123.o


==============================================================================

Image component sizes


      Code (inc. data)   RO Data    RW Data    ZI Data      Debug   Object Name

         6          0          0          0          0        232   a_delay.o
       196         26          0          0          0        276   gpiod_handler.o
      7260        116        192         24         34      21364   main.o
       976          0        488          0        504       8656   nokia5110.o
       276         24        620          0        512       5432   startup_tm4c123.o
        18          0          0          0          0       6685   system_tm4c123.o

    ----------------------------------------------------------------------
      8790        166       1332         24       1056      42645   Object Totals
         0          0         32          0          0          0   (incl. Generated)
        58          0          0          0          6          0   (incl. Padding)

    ----------------------------------------------------------------------

      Code (inc. data)   RO Data    RW Data    ZI Data      Debug   Library Member Name

         8          0          0          0          0         68   __main.o
       392          4         17          0          0         92   __printf_flags_ss_wp.o
        14          0          0          0          0         68   __printf_wp.o
         0          0          0          0          0          0   __rtentry.o
        12          0          0          0          0          0   __rtentry2.o
         6          0          0          0          0          0   __rtentry4.o
        94          8          0          0          0          0   __scatter.o
        26          0          0          0          0          0   __scatter_copy.o
        28          0          0          0          0          0   __scatter_zi.o
        72          0          0          0          0         96   _c16rtomb.o
         6          0          0          0          0          0   _printf_a.o
         6          0          0          0          0          0   _printf_c.o
        44          0          0          0          0        108   _printf_char.o
        48          6          0          0          0         96   _printf_char_common.o
        40          0          0          0          0         68   _printf_charcount.o
         6          0          0          0          0          0   _printf_d.o
       120         16          0          0          0         92   _printf_dec.o
         6          0          0          0          0          0   _printf_e.o
         6          0          0          0          0          0   _printf_f.o
      1052          0          0          0          0        148   _printf_fp_dec.o
       764          8         38          0          0        100   _printf_fp_hex.o
       128         16          0          0          0         84   _printf_fp_infnan.o
         6          0          0          0          0          0   _printf_g.o
       148          4         40          0          0        160   _printf_hex_int_ll_ptr.o
         6          0          0          0          0          0   _printf_i.o
       178          0          0          0          0         88   _printf_intcommon.o
        10          0          0          0          0          0   _printf_l.o
         6          0          0          0          0          0   _printf_lc.o
        10          0          0          0          0          0   _printf_ll.o
         6          0          0          0          0          0   _printf_lld.o
         6          0          0          0          0          0   _printf_lli.o
         6          0          0          0          0          0   _printf_llo.o
         6          0          0          0          0          0   _printf_llu.o
         6          0          0          0          0          0   _printf_llx.o
       124         16          0          0          0         92   _printf_longlong_dec.o
         6          0          0          0          0          0   _printf_ls.o
         6          0          0          0          0          0   _printf_n.o
         6          0          0          0          0          0   _printf_o.o
       112          8          0          0          0        124   _printf_oct_int_ll.o
         6          0          0          0          0          0   _printf_p.o
        78          0          0          0          0        108   _printf_pad.o
         0          0          0          0          0          0   _printf_percent.o
         4          0          0          0          0          0   _printf_percent_end.o
         6          0          0          0          0          0   _printf_s.o
        82          0          0          0          0         80   _printf_str.o
        36          0          0          0          0         84   _printf_truncate.o
         6          0          0          0          0          0   _printf_u.o
        44          0          0          0          0        108   _printf_wchar.o
       188          6          8          0          0         92   _printf_wctomb.o
         6          0          0          0          0          0   _printf_x.o
        22          0          0          0          0        100   _rserrno.o
        10          0          0          0          0         68   _sputc.o
       228          4        148          0          0         96   bigflt0.o
      1936        128          0          0          0        668   btod.o
        18          0          0          0          0         80   exit.o
         6          0          0          0          0        152   heapauxi.o
         0          0          0          0          0          0   indicate_semi.o
        44         10        272          0          0         76   lc_ctype_c.o
        44         10         28          0          0         76   lc_numeric_c.o
         2          0          0          0          0          0   libinit.o
        34          0          0          0          0          0   libinit2.o
         2          0          0          0          0          0   libshutdown.o
         2          0          0          0          0          0   libshutdown2.o
         8          4          0          0         96         68   libspace.o
       138          0          0          0          0         80   lludiv10.o
        16          4          0          0          0         76   rt_ctype_table.o
         8          4          0          0          0         68   rt_errno_addr_intlibspace.o
         8          4          0          0          0         68   rt_locale_intlibspace.o
       138          0          0          0          0         68   rt_memcpy_v6.o
       100          0          0          0          0         80   rt_memcpy_w.o
         2          0          0          0          0          0   rtexit.o
        10          0          0          0          0          0   rtexit2.o
        44          6          0          0          0         84   sprintf.o
       124          0          0          0          0         88   strcmpv7em.o
        12          4          0          0          0         68   sys_exit.o
        74          0          0          0          0         80   sys_stackheap_outer.o
         2          0          0          0          0         68   use_no_semi.o
        24          0          0          0          0        164   basic.o
        98          4          0          0          0        140   d2f.o
       834         16          0          0          0        516   daddsub_clz.o
       696        140          0          0          0        264   ddiv.o
        94          4          0          0          0        140   dfix.o
        84          0          0          0          0        232   dflt_clz.o
       340         12          0          0          0        152   dmul.o
       156          4          0          0          0        140   dnaninf.o
        12          0          0          0          0        116   dretinf.o
        86          4          0          0          0        132   f2d.o
       140          4          0          0          0        132   fnaninf.o
        26          0          0          0          0        116   fpinit.o
        10          0          0          0          0        116   fretinf.o
         4          0          0          0          0        116   printf1.o
         4          0          0          0          0        116   printf2.o
         0          0          0          0          0          0   usenofp.o
       200         20          0          0          0        164   cos.o
       368         46         48          0          0        200   cos_i.o
        84         16          0          0          0        372   dunder.o
        24          0          0          0          0        124   fabs.o
        48          0          0          0          0        124   fpclassify.o
       248          0          0          0          0        152   poly.o
      1080        142        204          0          0        188   rred.o
       200         20          0          0          0        164   sin.o
       304         24         40          0          0        208   sin_i.o

    ----------------------------------------------------------------------
     12214        726        856          0         96       8456   Library Totals
        36          0         13          0          0          0   (incl. Padding)

    ----------------------------------------------------------------------

      Code (inc. data)   RO Data    RW Data    ZI Data      Debug   Library Name

      7014        270        551          0         96       4168   c_w.l
      2608        188          0          0          0       2592   fz_wm.l
      2556        268        292          0          0       1696   m_wm.l

    ----------------------------------------------------------------------
     12214        726        856          0         96       8456   Library Totals

    ----------------------------------------------------------------------

==============================================================================


      Code (inc. data)   RO Data    RW Data    ZI Data      Debug   

     21004        892       2188         24       1152      46193   Grand Totals
     21004        892       2188         24       1152      46193   ELF Image Totals
     21004        892       2188         24          0          0   ROM Totals

==============================================================================

    Total RO  Size (Code + RO Data)                23192 (  22.65kB)
    Total RW  Size (RW Data + ZI Data)              1176 (   1.15kB)
    Total ROM Size (Code + RO Data + RW Data)      23216 (  22.67kB)

==============================================================================

